Archive member included to satisfy reference by file (symbol)

/opt/devkitpro/libnds/lib/libfat.a(libfat.o)
                              main.o (fatInitDefault)
/opt/devkitpro/libnds/lib/libfat.a(disc.o)
                              /opt/devkitpro/libnds/lib/libfat.a(libfat.o) (_FAT_disc_interfaces)
/opt/devkitpro/libnds/lib/libfat.a(fatfile.o)
                              /opt/devkitpro/libnds/lib/libfat.a(libfat.o) (_FAT_open_r)
/opt/devkitpro/libnds/lib/libfat.a(cache.o)
                              /opt/devkitpro/libnds/lib/libfat.a(fatfile.o) (_FAT_cache_readSectors)
/opt/devkitpro/libnds/lib/libfat.a(fatdir.o)
                              /opt/devkitpro/libnds/lib/libfat.a(libfat.o) (_FAT_stat_r)
/opt/devkitpro/libnds/lib/libfat.a(directory.o)
                              /opt/devkitpro/libnds/lib/libfat.a(fatfile.o) (_FAT_directory_entryGetCluster)
/opt/devkitpro/libnds/lib/libfat.a(partition.o)
                              /opt/devkitpro/libnds/lib/libfat.a(libfat.o) (_FAT_partition_destructor)
/opt/devkitpro/libnds/lib/libfat.a(lock.o)
                              /opt/devkitpro/libnds/lib/libfat.a(partition.o) (_FAT_lock_init)
/opt/devkitpro/libnds/lib/libfat.a(filetime.o)
                              /opt/devkitpro/libnds/lib/libfat.a(fatfile.o) (_FAT_filetime_getTimeFromRTC)
/opt/devkitpro/libnds/lib/libfat.a(file_allocation_table.o)
                              /opt/devkitpro/libnds/lib/libfat.a(fatfile.o) (_FAT_fat_nextCluster)
/opt/devkitpro/libnds/lib/libnds9.a(touch.o)
                              controls.o (touchRead)
/opt/devkitpro/libnds/lib/libnds9.a(sprite_alloc.o)
                              main.o (oamAllocateGfx)
/opt/devkitpro/libnds/lib/libnds9.a(console.o)
                              main.o (consoleDemoInit)
/opt/devkitpro/libnds/lib/libnds9.a(videoGL.o)
                              chrono_display.o (glGlobalData)
/opt/devkitpro/libnds/lib/libnds9.a(sprite.o)
                              main.o (oamInit)
/opt/devkitpro/libnds/lib/libnds9.a(keys.o)
                              main.o (scanKeys)
/opt/devkitpro/libnds/lib/libnds9.a(dldi.o)
                              /opt/devkitpro/libnds/lib/libfat.a(disc.o) (dldiGetInternal)
/opt/devkitpro/libnds/lib/libnds9.a(initSystem.o)
                              /opt/devkitpro/devkitARM/bin/../lib/gcc/arm-none-eabi/13.2.0/../../../../arm-none-eabi/lib/ds_arm9_crt0.o (initSystem)
/opt/devkitpro/libnds/lib/libnds9.a(securearea.o)
                              /opt/devkitpro/devkitARM/bin/../lib/gcc/arm-none-eabi/13.2.0/../../../../arm-none-eabi/lib/ds_arm9_crt0.o (__secure_area__)
/opt/devkitpro/libnds/lib/libnds9.a(interrupts.o)
                              /opt/devkitpro/libnds/lib/libnds9.a(initSystem.o) (irqInit)
/opt/devkitpro/libnds/lib/libnds9.a(libnds_exit.arm.o)
                              /opt/devkitpro/devkitARM/bin/../lib/gcc/arm-none-eabi/13.2.0/../../../../arm-none-eabi/lib/ds_arm9_crt0.o (__libnds_exit)
/opt/devkitpro/libnds/lib/libnds9.a(fifosystem.o)
                              /opt/devkitpro/libnds/lib/libnds9.a(initSystem.o) (fifoSetValue32Handler)
/opt/devkitpro/libnds/lib/libnds9.a(dcache.o)
                              /opt/devkitpro/libnds/lib/libnds9.a(sprite.o) (DC_FlushRange)
/opt/devkitpro/libnds/lib/libnds9.a(dldi_stub.o)
                              /opt/devkitpro/libnds/lib/libnds9.a(dldi.o) (_io_dldi_stub)
/opt/devkitpro/libnds/lib/libnds9.a(mpu_setup.o)
                              /opt/devkitpro/devkitARM/bin/../lib/gcc/arm-none-eabi/13.2.0/../../../../arm-none-eabi/lib/ds_arm9_crt0.o (__libnds_mpu_setup)
/opt/devkitpro/libnds/lib/libnds9.a(IntrWait.o)
                              main.o (swiWaitForVBlank)
/opt/devkitpro/libnds/lib/libnds9.a(cpu_clock.o)
                              /opt/devkitpro/libnds/lib/libnds9.a(initSystem.o) (setCpuClock)
/opt/devkitpro/libnds/lib/libnds9.a(interruptDispatcher.o)
                              /opt/devkitpro/libnds/lib/libnds9.a(interrupts.o) (IntrMain)
/opt/devkitpro/libnds/lib/libnds9.a(biosCalls.o)
                              chrono_display.o (swiCopy)
/opt/devkitpro/libnds/lib/libnds9.a(debugprint.o)
                              /opt/devkitpro/libnds/lib/libnds9.a(console.o) (nocashWrite)
/opt/devkitpro/libnds/lib/libnds9.a(swiSoftReset.o)
                              /opt/devkitpro/libnds/lib/libnds9.a(fifosystem.o) (swiSoftReset)
/opt/devkitpro/libnds/lib/libnds9.a(default_font.bin.o)
                              /opt/devkitpro/libnds/lib/libnds9.a(console.o) (default_font_bin)
/opt/devkitpro/libnds/lib/libnds9.a(background.o)
                              /opt/devkitpro/libnds/lib/libnds9.a(console.o) (bgState)
/opt/devkitpro/libnds/lib/libnds9.a(dynamicArray.o)
                              /opt/devkitpro/libnds/lib/libnds9.a(videoGL.o) (DynamicArrayInit)
/opt/devkitpro/libnds/lib/libnds9.a(trig.o)
                              /opt/devkitpro/libnds/lib/libnds9.a(videoGL.o) (sinLerp)
[...]
Memory Configuration

Name             Origin             Length             Attributes
ewram            0x02000000         0x00380000
dtcm             0x02ff0000         0x00004000
vectors          0x01000000         0x00000100
itcm             0x01000100         0x00007f00
*default*        0x00000000         0xffffffff

Linker script and memory map

                0x02380000                        __ewram_end = (ORIGIN (ewram) + LENGTH (ewram))
                0x02380000                        __eheap_end = (ORIGIN (ewram) + LENGTH (ewram))
                0x02ff4000                        __dtcm_top = (ORIGIN (dtcm) + LENGTH (dtcm))
                0x02ff3ff8                        __irq_flags = (__dtcm_top - 0x8)
                0x02ff3ffc                        __irq_vector = (__dtcm_top - 0x4)
                0x02ff3f00                        __sp_svc = (__dtcm_top - 0x100)
                0x02ff3e00                        __sp_irq = (__sp_svc - 0x100)
                0x02ff3d00                        __sp_usr = (__sp_irq - 0x100)

.secure         0x02000000      0x800
 *(.secure)
 .secure        0x02000000      0x800 /opt/devkitpro/libnds/lib/libnds9.a(securearea.o)
                0x02000000                __secure_area__

.crt0           0x02000800      0x300
                0x02000800                        __text_start = .
 *(.crt0)
 .crt0          0x02000800      0x300 /opt/devkitpro/devkitARM/bin/../lib/gcc/arm-none-eabi/13.2.0/../../../../arm-none-eabi/lib/ds_arm9_crt0.o
                0x02000800                _start
                0x02000b00                        . = ALIGN (0x4)

.plt
 *(.plt)

.init           0x02000b00       0x18
 *(SORT_NONE(.init))
 .init          0x02000b00        0xc /opt/devkitpro/devkitARM/bin/../lib/gcc/arm-none-eabi/13.2.0/crti.o
                0x02000b00                _init
 .init          0x02000b0c        0xc /opt/devkitpro/devkitARM/bin/../lib/gcc/arm-none-eabi/13.2.0/crtn.o

.text           0x02000b40    0x2a230
 *(EXCLUDE_FILE(*.twl* *.vectors* *.itcm*) .text)
 .text          0x02000b40      0x73c chrono_display.o
                0x02000b40                printDigit
                0x02000e00                updateChronoDisp
                0x02001180                updateChronoDisp_Main
                0x020011b4                initChronoDisp_Main
                0x02001258                changeColorDisp_Main
 .text          0x0200127c      0x48c sudoku_display.o
                0x0200127c                P_Graphics_setup
                0x020012a8                BG0_Sub
                0x02001328                BG2_Sub
                0x020013b4                initSudokuDisp_Sub
                0x020013cc                printNumber
                0x020014f0                sudokuInit
                0x020015a4                clearNumber
                0x02001670                displaceSprite
 .text          0x02001708      0x2c0 controls.o
                0x02001708                handleTouchPad
 .text          0x020019c8      0x6a4 main.o
                0x020019c8                configureSprite
                0x02001a6c                updateCrono
                0x02001b18                isBetterTime
                0x02001bb4                saveBestTime
                0x02001c30                loadBestTime
                0x02001cbc                main
 .text          0x0200206c       0xd8 P_Audio.o
                0x0200206c                Audio_Init
                0x0200209c                Audio_PlaySoundEX
                0x02002100                Audio_PlaySound
                0x02002124                Audio_PlayMusic
 *fill*         0x02002144       0x3c ff
 .text          0x02002180     0x4000 /opt/devkitpro/libnds/lib/libnds9.a(dldi_stub.o)
                0x02002180                _io_dldi_stub
 .text          0x02006180      0x24c /opt/devkitpro/libnds/lib/libmm9.a(mm_comms.o)
                0x02006180                mmSetupComms
                0x020061d2                mmSendBank
                0x020061dc                mmLockChannels
                0x020061e2                mmUnlockChannels
                0x020061e8                mmStart
                0x020061f2                mmPause
                0x020061f6                mmResume
                0x020061fa                mmStop
                0x020061fe                mmPosition
                0x02006202                mmJingle
                0x02006206                mmSetModuleVolume
                0x0200620a                mmSetJingleVolume
                0x0200620e                mmSetModuleTempo
                0x02006212                mmSetModulePitch
                0x02006216                mmSetEffectsVolume
                0x0200621a                mmSelectMode
                0x0200621e                mmStreamBegin
                0x02006232                mmStreamEnd
                0x02006288                mmEffect
                0x020062ac                mmEffectVolume
                0x020062b0                mmEffectPanning
                0x020062b4                mmEffectRate
                0x020062be                mmEffectScaleRate
                0x020062c8                mmEffectRelease
                0x020062ce                mmEffectCancel
                0x020062d4                mmEffectEx
                0x02006312                mmEffectCancelAll
                0x02006316                mmReverbEnable
                0x0200631a                mmReverbDisable
                0x0200631e                mmReverbConfigure
                0x0200637a                mmReverbStart
                0x0200637e                mmReverbStop
 .text          0x020063cc      0x120 /opt/devkitpro/libnds/lib/libmm9.a(mm_memory.o)
                0x020063cc                mmLoad
                0x0200641c                mmUnload
                0x02006474                mmLoadEffect
                0x020064ac                mmUnloadEffect
 .text          0x020064ec      0x108 /opt/devkitpro/libnds/lib/libmm9.a(mm_main9.o)
                0x020064ec                mmActive
                0x020064f2                mmSetEventHandler
                0x020064f8                mmInit
                0x02006522                mmInitDefault
                0x0200656c                mmInitDefaultMem
                0x0200658e                mmSuspendIRQ_t
                0x020065ac                mmRestoreIRQ_t
 .text          0x020065f4      0x100 /opt/devkitpro/libnds/lib/libmm9.a(mm_soundbank.o)
                0x020065f4                mmSoundBankInMemory
                0x020065fc                mmSoundBankInFiles
                0x0200660e                mmSetCustomSoundBankHandler
                0x0200663a                mmsHandleFileOp
 .text          0x020066f4       0x3c /opt/devkitpro/libnds/lib/libmm9.a(mm_flusher.o)
                0x020066f4                mmFlushBank
 .text          0x02006730      0x114 /opt/devkitpro/devkitARM/bin/../lib/gcc/arm-none-eabi/13.2.0/libgcc.a(_udivsi3.o)
                0x02006730                __udivsi3
                0x02006730                __aeabi_uidiv
                0x02006824                __aeabi_uidivmod
 .text          0x02006844      0x148 /opt/devkitpro/devkitARM/bin/../lib/gcc/arm-none-eabi/13.2.0/libgcc.a(_divsi3.o)
                0x02006844                __aeabi_idiv
                0x02006844                __divsi3
                0x0200696c                __aeabi_idivmod
 .text          0x0200698c        0x4 /opt/devkitpro/devkitARM/bin/../lib/gcc/arm-none-eabi/13.2.0/libgcc.a(_dvmd_tls.o)
                0x0200698c                __aeabi_ldiv0
                0x0200698c                __aeabi_idiv0
 .text          0x02006990       0xd4 /opt/devkitpro/devkitARM/bin/../lib/gcc/arm-none-eabi/13.2.0/libgcc.a(_aeabi_ldivmod.o)
                0x02006990                __aeabi_ldivmod
 .text          0x02006a64       0x28 /opt/devkitpro/devkitARM/bin/../lib/gcc/arm-none-eabi/13.2.0/libgcc.a(_clzdi2.o)
                0x02006a64                __clzdi2
 .text          0x02006a8c       0x48 /opt/devkitpro/devkitARM/bin/../lib/gcc/arm-none-eabi/13.2.0/libgcc.a(_clzsi2.o)
                0x02006a8c                __clzsi2
 .text          0x02006ad4      0x224 /opt/devkitpro/devkitARM/bin/../lib/gcc/arm-none-eabi/13.2.0/../../../../arm-none-eabi/lib/libg.a(libc_a-strcmp.o)
                0x02006ad4                strcmp
 .text          0x02006cf8      0x424 /opt/devkitpro/devkitARM/bin/../lib/gcc/arm-none-eabi/13.2.0/libgcc.a(_arm_addsubdf3.o)
                0x02006cf8                __aeabi_drsub
                0x02006d00                __aeabi_dsub
                0x02006d00                __subdf3
                0x02006d04                __adddf3
                0x02006d04                __aeabi_dadd
                0x02007014                __aeabi_ui2d
                0x02007014                __floatunsidf
                0x02007038                __floatsidf
                0x02007038                __aeabi_i2d
                0x02007060                __extendsfdf2
                0x02007060                __aeabi_f2d
                0x020070a8                __aeabi_ul2d
                0x020070a8                __floatundidf
                0x020070bc                __floatdidf
                0x020070bc                __aeabi_l2d
 .text          0x0200711c      0x49c /opt/devkitpro/devkitARM/bin/../lib/gcc/arm-none-eabi/13.2.0/libgcc.a(_arm_muldivdf3.o)
                0x0200711c                __aeabi_dmul
                0x0200711c                __muldf3
                0x020073ac                __aeabi_ddiv
                0x020073ac                __divdf3
 .text          0x020075b8      0x144 /opt/devkitpro/devkitARM/bin/../lib/gcc/arm-none-eabi/13.2.0/libgcc.a(_arm_cmpdf2.o)
                0x020075b8                __gtdf2
                0x020075b8                __gedf2
                0x020075c0                __ltdf2
                0x020075c0                __ledf2
                0x020075c8                __cmpdf2
                0x020075c8                __eqdf2
                0x020075c8                __nedf2
                0x02007650                __aeabi_cdrcmple
                0x0200766c                __aeabi_cdcmple
                0x0200766c                __aeabi_cdcmpeq
                0x02007684                __aeabi_dcmpeq
                0x0200769c                __aeabi_dcmplt
                0x020076b4                __aeabi_dcmple
                0x020076cc                __aeabi_dcmpge
                0x020076e4                __aeabi_dcmpgt
 .text          0x020076fc       0x38 /opt/devkitpro/devkitARM/bin/../lib/gcc/arm-none-eabi/13.2.0/libgcc.a(_arm_unorddf2.o)
                0x020076fc                __aeabi_dcmpun
                0x020076fc                __unorddf2
 .text          0x02007734       0x5c /opt/devkitpro/devkitARM/bin/../lib/gcc/arm-none-eabi/13.2.0/libgcc.a(_arm_fixdfsi.o)
                0x02007734                __fixdfsi
                0x02007734                __aeabi_d2iz
 .text          0x02007790       0x54 /opt/devkitpro/devkitARM/bin/../lib/gcc/arm-none-eabi/13.2.0/libgcc.a(_arm_fixunsdfsi.o)
                0x02007790                __fixunsdfsi
                0x02007790                __aeabi_d2uiz
 .text          0x020077e4       0xa0 /opt/devkitpro/devkitARM/bin/../lib/gcc/arm-none-eabi/13.2.0/libgcc.a(_arm_truncdfsf2.o)
                0x020077e4                __aeabi_d2f
                0x020077e4                __truncdfsf2
 .text          0x02007884       0x3c /opt/devkitpro/devkitARM/bin/../lib/gcc/arm-none-eabi/13.2.0/libgcc.a(_aeabi_uldivmod.o)
                0x02007884                __aeabi_uldivmod
 *(EXCLUDE_FILE(*.twl* *.vectors* *.itcm*) .stub)
 *(EXCLUDE_FILE(*.twl* *.vectors* *.itcm*) .text.*)
 .text.__do_global_dtors_aux
                0x020078c0       0x40 /opt/devkitpro/devkitARM/bin/../lib/gcc/arm-none-eabi/13.2.0/crtbegin.o
 .text.frame_dummy
                0x02007900       0x30 /opt/devkitpro/devkitARM/bin/../lib/gcc/arm-none-eabi/13.2.0/crtbegin.o
 .text.fatMount.part.0
                0x02007930       0xa0 /opt/devkitpro/libnds/lib/libfat.a(libfat.o)
 .text.fatMount
                0x020079d0       0x3c /opt/devkitpro/libnds/lib/libfat.a(libfat.o)
                0x020079d0                fatMount
 .text.fatInit  0x02007a0c      0x130 /opt/devkitpro/libnds/lib/libfat.a(libfat.o)
                0x02007a0c                fatInit
 .text.fatInitDefault
                0x02007b3c        0xc /opt/devkitpro/libnds/lib/libfat.a(libfat.o)
                0x02007b3c                fatInitDefault
 .text._FAT_check_position_for_next_cluster.part.0
                0x02007b48       0x68 /opt/devkitpro/libnds/lib/libfat.a(fatfile.o)
 .text._FAT_syncToDisc.part.0
                0x02007bb0       0xd4 /opt/devkitpro/libnds/lib/libfat.a(fatfile.o)
 .text._FAT_file_extend_r
                0x02007c84      0x208 /opt/devkitpro/libnds/lib/libfat.a(fatfile.o)
 .text._FAT_open_r
                0x02007e8c      0x2d4 /opt/devkitpro/libnds/lib/libfat.a(fatfile.o)
                0x02007e8c                _FAT_open_r
 .text._FAT_close_r
                0x02008160       0x74 /opt/devkitpro/libnds/lib/libfat.a(fatfile.o)
                0x02008160                _FAT_close_r
 .text._FAT_read_r
                0x020081d4      0x398 /opt/devkitpro/libnds/lib/libfat.a(fatfile.o)
                0x020081d4                _FAT_read_r
 .text._FAT_write_r
                0x0200856c      0x53c /opt/devkitpro/libnds/lib/libfat.a(fatfile.o)
                0x0200856c                _FAT_write_r
 .text._FAT_seek_r
                0x02008aa8      0x194 /opt/devkitpro/libnds/lib/libfat.a(fatfile.o)
                0x02008aa8                _FAT_seek_r
 .text._FAT_fstat_r
                0x02008c3c       0x8c /opt/devkitpro/libnds/lib/libfat.a(fatfile.o)
                0x02008c3c                _FAT_fstat_r
 .text._FAT_ftruncate_r
                0x02008cc8      0x16c /opt/devkitpro/libnds/lib/libfat.a(fatfile.o)
                0x02008cc8                _FAT_ftruncate_r
 .text._FAT_fsync_r
                0x02008e34       0x44 /opt/devkitpro/libnds/lib/libfat.a(fatfile.o)
                0x02008e34                _FAT_fsync_r
 .text._FAT_cache_getPage
                0x02008e78       0xf0 /opt/devkitpro/libnds/lib/libfat.a(cache.o)
 .text._FAT_cache_constructor
                0x02008f68       0x90 /opt/devkitpro/libnds/lib/libfat.a(cache.o)
                0x02008f68                _FAT_cache_constructor
 .text._FAT_cache_readSectors
                0x02008ff8       0x60 /opt/devkitpro/libnds/lib/libfat.a(cache.o)
                0x02008ff8                _FAT_cache_readSectors
 .text._FAT_cache_readPartialSector
                0x02009058       0x3c /opt/devkitpro/libnds/lib/libfat.a(cache.o)
                0x02009058                _FAT_cache_readPartialSector
 .text._FAT_cache_readLittleEndianValue
                0x02009094       0x70 /opt/devkitpro/libnds/lib/libfat.a(cache.o)
                0x02009094                _FAT_cache_readLittleEndianValue
 .text._FAT_cache_writePartialSector
                0x02009104       0x4c /opt/devkitpro/libnds/lib/libfat.a(cache.o)
                0x02009104                _FAT_cache_writePartialSector
 .text._FAT_cache_writeLittleEndianValue
                0x02009150       0x8c /opt/devkitpro/libnds/lib/libfat.a(cache.o)
                0x02009150                _FAT_cache_writeLittleEndianValue
 .text._FAT_cache_eraseWritePartialSector
                0x020091dc       0x60 /opt/devkitpro/libnds/lib/libfat.a(cache.o)
                0x020091dc                _FAT_cache_eraseWritePartialSector
 .text._FAT_cache_writeSectors
                0x0200923c       0x80 /opt/devkitpro/libnds/lib/libfat.a(cache.o)
                0x0200923c                _FAT_cache_writeSectors
 .text._FAT_cache_flush
                0x020092bc       0x40 /opt/devkitpro/libnds/lib/libfat.a(cache.o)
                0x020092bc                _FAT_cache_flush
 .text._FAT_stat_r
                0x020092fc       0x90 /opt/devkitpro/libnds/lib/libfat.a(fatdir.o)
                0x020092fc                _FAT_stat_r
 .text._FAT_link_r
                0x0200938c        0xc /opt/devkitpro/libnds/lib/libfat.a(fatdir.o)
                0x0200938c                _FAT_link_r
 .text._FAT_unlink_r
                0x02009398      0x184 /opt/devkitpro/libnds/lib/libfat.a(fatdir.o)
                0x02009398                _FAT_unlink_r
 .text._FAT_chdir_r
                0x0200951c       0x70 /opt/devkitpro/libnds/lib/libfat.a(fatdir.o)
                0x0200951c                _FAT_chdir_r
 .text._FAT_rename_r
                0x0200958c      0x1c4 /opt/devkitpro/libnds/lib/libfat.a(fatdir.o)
                0x0200958c                _FAT_rename_r
 .text._FAT_mkdir_r
                0x02009750      0x244 /opt/devkitpro/libnds/lib/libfat.a(fatdir.o)
                0x02009750                _FAT_mkdir_r
 .text._FAT_statvfs_r
                0x02009994       0x78 /opt/devkitpro/libnds/lib/libfat.a(fatdir.o)
                0x02009994                _FAT_statvfs_r
 .text._FAT_diropen_r
                0x02009a0c       0xb0 /opt/devkitpro/libnds/lib/libfat.a(fatdir.o)
                0x02009a0c                _FAT_diropen_r
 .text._FAT_dirreset_r
                0x02009abc       0x4c /opt/devkitpro/libnds/lib/libfat.a(fatdir.o)
                0x02009abc                _FAT_dirreset_r
 .text._FAT_dirnext_r
                0x02009b08       0x7c /opt/devkitpro/libnds/lib/libfat.a(fatdir.o)
                0x02009b08                _FAT_dirnext_r
 .text._FAT_dirclose_r
                0x02009b84       0x20 /opt/devkitpro/libnds/lib/libfat.a(fatdir.o)
                0x02009b84                _FAT_dirclose_r
 .text._FAT_directory_entryGetAlias
                0x02009ba4       0xc8 /opt/devkitpro/libnds/lib/libfat.a(directory.o)
 .text._FAT_directory_incrementDirEntryPosition
                0x02009c6c       0x80 /opt/devkitpro/libnds/lib/libfat.a(directory.o)
 .text._FAT_directory_mbsncasecmp
                0x02009cec       0xa8 /opt/devkitpro/libnds/lib/libfat.a(directory.o)
 .text._FAT_directory_ucs2tombs.constprop.0
                0x02009d94       0x90 /opt/devkitpro/libnds/lib/libfat.a(directory.o)
 .text._FAT_directory_entryGetCluster
                0x02009e24       0x20 /opt/devkitpro/libnds/lib/libfat.a(directory.o)
                0x02009e24                _FAT_directory_entryGetCluster
 .text._FAT_directory_getNextEntry
                0x02009e44      0x23c /opt/devkitpro/libnds/lib/libfat.a(directory.o)
                0x02009e44                _FAT_directory_getNextEntry
 .text._FAT_directory_entryExists
                0x0200a080       0x80 /opt/devkitpro/libnds/lib/libfat.a(directory.o)
 .text._FAT_directory_getFirstEntry
                0x0200a100       0x20 /opt/devkitpro/libnds/lib/libfat.a(directory.o)
                0x0200a100                _FAT_directory_getFirstEntry
 .text._FAT_directory_getRootEntry
                0x0200a120       0x60 /opt/devkitpro/libnds/lib/libfat.a(directory.o)
                0x0200a120                _FAT_directory_getRootEntry
 .text._FAT_directory_entryFromPosition
                0x0200a180      0x150 /opt/devkitpro/libnds/lib/libfat.a(directory.o)
                0x0200a180                _FAT_directory_entryFromPosition
 .text._FAT_directory_entryFromPath
                0x0200a2d0      0x248 /opt/devkitpro/libnds/lib/libfat.a(directory.o)
                0x0200a2d0                _FAT_directory_entryFromPath
 .text._FAT_directory_removeEntry
                0x0200a518       0xd8 /opt/devkitpro/libnds/lib/libfat.a(directory.o)
                0x0200a518                _FAT_directory_removeEntry
 .text._FAT_directory_addEntry
                0x0200a5f0      0x808 /opt/devkitpro/libnds/lib/libfat.a(directory.o)
                0x0200a5f0                _FAT_directory_addEntry
 .text._FAT_directory_chdir
                0x0200adf8       0x3c /opt/devkitpro/libnds/lib/libfat.a(directory.o)
                0x0200adf8                _FAT_directory_chdir
 .text._FAT_directory_entryStat
                0x0200ae34       0xe4 /opt/devkitpro/libnds/lib/libfat.a(directory.o)
                0x0200ae34                _FAT_directory_entryStat
 .text.isValidMBR
                0x0200af18       0x5c /opt/devkitpro/libnds/lib/libfat.a(partition.o)
 .text._FAT_updateFS_INFO
                0x0200af74       0x54 /opt/devkitpro/libnds/lib/libfat.a(partition.o)
 .text.FindFirstValidPartition_buf.part.0
                0x0200afc8      0x11c /opt/devkitpro/libnds/lib/libfat.a(partition.o)
 .text._FAT_partition_getPartitionFromPath
                0x0200b0e4       0x10 /opt/devkitpro/libnds/lib/libfat.a(partition.o)
                0x0200b0e4                _FAT_partition_getPartitionFromPath
 .text._FAT_partition_createFSinfo
                0x0200b0f4       0x50 /opt/devkitpro/libnds/lib/libfat.a(partition.o)
                0x0200b0f4                _FAT_partition_createFSinfo
 .text._FAT_partition_readFSinfo.part.0
                0x0200b144       0x74 /opt/devkitpro/libnds/lib/libfat.a(partition.o)
 .text._FAT_partition_constructor_buf
                0x0200b1b8      0x2e8 /opt/devkitpro/libnds/lib/libfat.a(partition.o)
                0x0200b1b8                _FAT_partition_constructor_buf
 .text._FAT_partition_constructor
                0x0200b4a0       0x40 /opt/devkitpro/libnds/lib/libfat.a(partition.o)
                0x0200b4a0                _FAT_partition_constructor
 .text._FAT_partition_readFSinfo
                0x0200b4e0       0x10 /opt/devkitpro/libnds/lib/libfat.a(partition.o)
                0x0200b4e0                _FAT_partition_readFSinfo
 .text._FAT_lock_init
                0x0200b4f0        0x4 /opt/devkitpro/libnds/lib/libfat.a(lock.o)
                0x0200b4f0                _FAT_lock_init
 .text._FAT_lock
                0x0200b4f4        0x4 /opt/devkitpro/libnds/lib/libfat.a(lock.o)
                0x0200b4f4                _FAT_lock
 .text._FAT_unlock
                0x0200b4f8        0x4 /opt/devkitpro/libnds/lib/libfat.a(lock.o)
                0x0200b4f8                _FAT_unlock
 .text._FAT_filetime_getTimeFromRTC
                0x0200b4fc       0x44 /opt/devkitpro/libnds/lib/libfat.a(filetime.o)
                0x0200b4fc                _FAT_filetime_getTimeFromRTC
 .text._FAT_filetime_getDateFromRTC
                0x0200b540       0x44 /opt/devkitpro/libnds/lib/libfat.a(filetime.o)
                0x0200b540                _FAT_filetime_getDateFromRTC
 .text._FAT_filetime_to_time_t
                0x0200b584       0x38 /opt/devkitpro/libnds/lib/libfat.a(filetime.o)
                0x0200b584                _FAT_filetime_to_time_t
 .text._FAT_fat_writeFatEntry.part.0.isra.0
                0x0200b5bc      0x12c /opt/devkitpro/libnds/lib/libfat.a(file_allocation_table.o)
 .text._FAT_fat_nextCluster
                0x0200b6e8      0x108 /opt/devkitpro/libnds/lib/libfat.a(file_allocation_table.o)
                0x0200b6e8                _FAT_fat_nextCluster
 .text._FAT_fat_linkFreeCluster
                0x0200b7f0       0xac /opt/devkitpro/libnds/lib/libfat.a(file_allocation_table.o)
                0x0200b7f0                _FAT_fat_linkFreeCluster
 .text._FAT_fat_linkFreeClusterCleared
                0x0200b89c       0x68 /opt/devkitpro/libnds/lib/libfat.a(file_allocation_table.o)
                0x0200b89c                _FAT_fat_linkFreeClusterCleared
 .text._FAT_fat_clearLinks
                0x0200b904       0x7c /opt/devkitpro/libnds/lib/libfat.a(file_allocation_table.o)
                0x0200b904                _FAT_fat_clearLinks
 .text._FAT_fat_trimChain
                0x0200b980       0x80 /opt/devkitpro/libnds/lib/libfat.a(file_allocation_table.o)
                0x0200b980                _FAT_fat_trimChain
 .text._FAT_fat_lastCluster
                0x0200ba00       0x34 /opt/devkitpro/libnds/lib/libfat.a(file_allocation_table.o)
                0x0200ba00                _FAT_fat_lastCluster
 .text._FAT_fat_freeClusterCount
                0x0200ba34       0x2c /opt/devkitpro/libnds/lib/libfat.a(file_allocation_table.o)
                0x0200ba34                _FAT_fat_freeClusterCount
 .text.touchRead
                0x0200ba60       0x24 /opt/devkitpro/libnds/lib/libnds9.a(touch.o)
                0x0200ba60                touchRead
 .text.oamAllocReset
                0x0200ba84       0x1c /opt/devkitpro/libnds/lib/libnds9.a(sprite_alloc.o)
                0x0200ba84                oamAllocReset
 .text.oamAllocateGfx
                0x0200baa0      0x50c /opt/devkitpro/libnds/lib/libnds9.a(sprite_alloc.o)
                0x0200baa0                oamAllocateGfx
 .text.newRow   0x0200bfac       0xa8 /opt/devkitpro/libnds/lib/libnds9.a(console.o)
 .text.consolePrintChar
                0x0200c054       0xe0 /opt/devkitpro/libnds/lib/libnds9.a(console.o)
                0x0200c054                consolePrintChar
 .text.con_write
                0x0200c134      0x36c /opt/devkitpro/libnds/lib/libnds9.a(console.o)
                0x0200c134                con_write
 .text.consoleLoadFont
                0x0200c4a0      0x2a0 /opt/devkitpro/libnds/lib/libnds9.a(console.o)
                0x0200c4a0                consoleLoadFont
 .text.consoleInit
                0x0200c740      0x18c /opt/devkitpro/libnds/lib/libnds9.a(console.o)
                0x0200c740                consoleInit
 .text.consoleDemoInit
                0x0200c8cc       0x40 /opt/devkitpro/libnds/lib/libnds9.a(console.o)
                0x0200c8cc                consoleDemoInit
 .text.oamInit  0x0200c90c      0x114 /opt/devkitpro/libnds/lib/libnds9.a(sprite.o)
                0x0200c90c                oamInit
 .text.oamGetGfxPtr
                0x0200ca20       0x38 /opt/devkitpro/libnds/lib/libnds9.a(sprite.o)
                0x0200ca20                oamGetGfxPtr
 .text.oamGfxPtrToOffset
                0x0200ca58       0x34 /opt/devkitpro/libnds/lib/libnds9.a(sprite.o)
                0x0200ca58                oamGfxPtrToOffset
 .text.oamSet   0x0200ca8c      0x104 /opt/devkitpro/libnds/lib/libnds9.a(sprite.o)
                0x0200ca8c                oamSet
 .text.oamUpdate
                0x0200cb90       0x60 /opt/devkitpro/libnds/lib/libnds9.a(sprite.o)
                0x0200cb90                oamUpdate
 .text.scanKeys
                0x0200cbf0       0x8c /opt/devkitpro/libnds/lib/libnds9.a(keys.o)
                0x0200cbf0                scanKeys
 .text.keysDown
                0x0200cc7c       0x14 /opt/devkitpro/libnds/lib/libnds9.a(keys.o)
                0x0200cc7c                keysDown
 .text.dldiGetInternal
                0x0200cc90       0x34 /opt/devkitpro/libnds/lib/libnds9.a(dldi.o)
                0x0200cc90                dldiGetInternal
 .text.get_io_dsisd
                0x0200ccc4       0x24 /opt/devkitpro/libnds/lib/libnds9.a(dldi.o)
                0x0200ccc4                get_io_dsisd
 .text.__syscall_gettod_r
                0x0200cce8       0x28 /opt/devkitpro/libnds/lib/libnds9.a(initSystem.o)
                0x0200cce8                __syscall_gettod_r
 .text.__syscall_exit
                0x0200cd10        0x8 /opt/devkitpro/libnds/lib/libnds9.a(initSystem.o)
                0x0200cd10                __syscall_exit
 .text.initSystem
                0x0200cd18      0x180 /opt/devkitpro/libnds/lib/libnds9.a(initSystem.o)
                0x0200cd18                initSystem
 .text.irqDummy
                0x0200ce98        0x4 /opt/devkitpro/libnds/lib/libnds9.a(interrupts.o)
                0x0200ce98                irqDummy
 .text.irqSet   0x0200ce9c       0x6c /opt/devkitpro/libnds/lib/libnds9.a(interrupts.o)
                0x0200ce9c                irqSet
 .text.irqInit  0x0200cf08       0x50 /opt/devkitpro/libnds/lib/libnds9.a(interrupts.o)
                0x0200cf08                irqInit
 .text.irqEnable
                0x0200cf58       0x64 /opt/devkitpro/libnds/lib/libnds9.a(interrupts.o)
                0x0200cf58                irqEnable
 .text.systemErrorExit
                0x0200cfbc        0x4 /opt/devkitpro/libnds/lib/libnds9.a(libnds_exit.arm.o)
                0x0200cfbc                systemErrorExit
 .text.__libnds_exit
                0x0200cfc0       0x5c /opt/devkitpro/libnds/lib/libnds9.a(libnds_exit.arm.o)
                0x0200cfc0                __libnds_exit
 .text.fifo_queueBlock
                0x0200d01c       0x44 /opt/devkitpro/libnds/lib/libnds9.a(fifosystem.o)
 .text.fifo_waitBlock
                0x0200d060       0x80 /opt/devkitpro/libnds/lib/libnds9.a(fifosystem.o)
 .text.fifoInternalSend.part.0
                0x0200d0e0       0xd4 /opt/devkitpro/libnds/lib/libnds9.a(fifosystem.o)
 .text.fifoInternalSendInterrupt
                0x0200d1b4       0xb0 /opt/devkitpro/libnds/lib/libnds9.a(fifosystem.o)
 .text.fifoSetValue32Handler
                0x0200d264       0xd4 /opt/devkitpro/libnds/lib/libnds9.a(fifosystem.o)
                0x0200d264                fifoSetValue32Handler
 .text.fifoSendValue32
                0x0200d338       0x4c /opt/devkitpro/libnds/lib/libnds9.a(fifosystem.o)
                0x0200d338                fifoSendValue32
 .text.fifoSendDatamsg
                0x0200d384       0x90 /opt/devkitpro/libnds/lib/libnds9.a(fifosystem.o)
                0x0200d384                fifoSendDatamsg
 .text.fifoGetValue32
                0x0200d414       0x70 /opt/devkitpro/libnds/lib/libnds9.a(fifosystem.o)
                0x0200d414                fifoGetValue32
 .text.fifoGetDatamsg
                0x0200d484       0xf4 /opt/devkitpro/libnds/lib/libnds9.a(fifosystem.o)
                0x0200d484                fifoGetDatamsg
 .text.fifoInternalRecvInterrupt
                0x0200d578      0x37c /opt/devkitpro/libnds/lib/libnds9.a(fifosystem.o)
 .text.fifoSetDatamsgHandler
                0x0200d8f4       0x9c /opt/devkitpro/libnds/lib/libnds9.a(fifosystem.o)
                0x0200d8f4                fifoSetDatamsgHandler
 .text.fifoCheckValue32
                0x0200d990       0x24 /opt/devkitpro/libnds/lib/libnds9.a(fifosystem.o)
                0x0200d990                fifoCheckValue32
 .text.fifoInit
                0x0200d9b4      0x108 /opt/devkitpro/libnds/lib/libnds9.a(fifosystem.o)
                0x0200d9b4                fifoInit
 .text.DC_FlushRange
                0x0200dabc       0x24 /opt/devkitpro/libnds/lib/libnds9.a(dcache.o)
                0x0200dabc                DC_FlushRange
 .text.__libnds_mpu_setup
                0x0200dae0      0x174 /opt/devkitpro/libnds/lib/libnds9.a(mpu_setup.o)
                0x0200dae0                __libnds_mpu_setup
 .text.memUncached
                0x0200dc54       0x20 /opt/devkitpro/libnds/lib/libnds9.a(mpu_setup.o)
                0x0200dc54                memUncached
 .text.swiWaitForVBlank
                0x0200dc74        0x8 /opt/devkitpro/libnds/lib/libnds9.a(IntrWait.o)
                0x0200dc74                swiWaitForVBlank
 .text.swiIntrWait
                0x0200dc7c       0x70 /opt/devkitpro/libnds/lib/libnds9.a(IntrWait.o)
                0x0200dc7c                swiIntrWait
 .text.setCpuClock
                0x0200dcec       0x50 /opt/devkitpro/libnds/lib/libnds9.a(cpu_clock.o)
                0x0200dcec                setCpuClock
 .text.swiDelay
                0x0200dd3c        0x4 /opt/devkitpro/libnds/lib/libnds9.a(biosCalls.o)
                0x0200dd3c                swiDelay
 .text.swiCopy  0x0200dd40        0x4 /opt/devkitpro/libnds/lib/libnds9.a(biosCalls.o)
                0x0200dd40                swiCopy
 .text.swiSoftReset
                0x0200dd44       0x2c /opt/devkitpro/libnds/lib/libnds9.a(swiSoftReset.o)
                0x0200dd44                swiSoftReset
 .text.checkIfText
                0x0200dd70       0x5c /opt/devkitpro/libnds/lib/libnds9.a(background.o)
                0x0200dd70                checkIfText
 .text.bgUpdate
                0x0200ddcc       0xf4 /opt/devkitpro/libnds/lib/libnds9.a(background.o)
                0x0200ddcc                bgUpdate
 .text.bgInit_call
                0x0200dec0       0xc4 /opt/devkitpro/libnds/lib/libnds9.a(background.o)
                0x0200dec0                bgInit_call
 .text.bgInitSub_call
                0x0200df84       0xcc /opt/devkitpro/libnds/lib/libnds9.a(background.o)
                0x0200df84                bgInitSub_call
 .text.sinLutLookup
                0x0200e050       0x4c /opt/devkitpro/libnds/lib/libnds9.a(trig.o)
                0x0200e050                sinLutLookup
 .text.sinLerp  0x0200e09c       0x40 /opt/devkitpro/libnds/lib/libnds9.a(trig.o)
                0x0200e09c                sinLerp
 .text.cosLerp  0x0200e0dc       0x4c /opt/devkitpro/libnds/lib/libnds9.a(trig.o)
                0x0200e0dc                cosLerp
 .text.vramDefault
                0x0200e128       0xd0 /opt/devkitpro/libnds/lib/libnds9.a(video.o)
                0x0200e128                vramDefault
 .text.systemValueHandler
                0x0200e1f8       0x48 /opt/devkitpro/libnds/lib/libnds9.a(system.o)
                0x0200e1f8                systemValueHandler
 .text.systemMsgHandler
                0x0200e240       0x60 /opt/devkitpro/libnds/lib/libnds9.a(system.o)
                0x0200e240                systemMsgHandler
 .text.powerOn  0x0200e2a0       0x2c /opt/devkitpro/libnds/lib/libnds9.a(system.o)
                0x0200e2a0                powerOn
 .text.__muldi3
                0x0200e2cc       0x18 /opt/devkitpro/devkitARM/bin/../lib/gcc/arm-none-eabi/13.2.0/libgcc.a(_muldi3.o)
                0x0200e2cc                __aeabi_lmul
                0x0200e2cc                __muldi3
 .text.__udivmoddi4
                0x0200e2e4      0x128 /opt/devkitpro/devkitARM/bin/../lib/gcc/arm-none-eabi/13.2.0/libgcc.a(_udivmoddi4.o)
                0x0200e2e4                __udivmoddi4
 .text.towlower
                0x0200e40c       0x14 /opt/devkitpro/devkitARM/bin/../lib/gcc/arm-none-eabi/13.2.0/../../../../arm-none-eabi/lib/libg.a(libc_a-towlower.o)
                0x0200e40c                towlower
 .text._mbrtowc_r
                0x0200e420       0xc0 /opt/devkitpro/devkitARM/bin/../lib/gcc/arm-none-eabi/13.2.0/../../../../arm-none-eabi/lib/libg.a(libc_a-mbrtowc.o)
                0x0200e420                _mbrtowc_r
 .text.mbrtowc  0x0200e4e0       0xc4 /opt/devkitpro/devkitARM/bin/../lib/gcc/arm-none-eabi/13.2.0/../../../../arm-none-eabi/lib/libg.a(libc_a-mbrtowc.o)
                0x0200e4e0                mbrtowc
 .text._wcrtomb_r
                0x0200e5a4       0xac /opt/devkitpro/devkitARM/bin/../lib/gcc/arm-none-eabi/13.2.0/../../../../arm-none-eabi/lib/libg.a(libc_a-wcrtomb.o)
                0x0200e5a4                _wcrtomb_r
 .text.wcrtomb  0x0200e650       0xb4 /opt/devkitpro/devkitARM/bin/../lib/gcc/arm-none-eabi/13.2.0/../../../../arm-none-eabi/lib/libg.a(libc_a-wcrtomb.o)
                0x0200e650                wcrtomb
 .text.towupper
                0x0200e704       0x14 /opt/devkitpro/devkitARM/bin/../lib/gcc/arm-none-eabi/13.2.0/../../../../arm-none-eabi/lib/libg.a(libc_a-towupper.o)
                0x0200e704                towupper
 .text.mbsrtowcs
                0x0200e718       0x3c /opt/devkitpro/devkitARM/bin/../lib/gcc/arm-none-eabi/13.2.0/../../../../arm-none-eabi/lib/libg.a(libc_a-mbsrtowcs.o)
                0x0200e718                mbsrtowcs
 .text.wctob    0x0200e754       0x88 /opt/devkitpro/devkitARM/bin/../lib/gcc/arm-none-eabi/13.2.0/../../../../arm-none-eabi/lib/libg.a(libc_a-wctob.o)
                0x0200e754                wctob
 .text.towctrans
                0x0200e7dc       0x48 /opt/devkitpro/devkitARM/bin/../lib/gcc/arm-none-eabi/13.2.0/../../../../arm-none-eabi/lib/libg.a(libc_a-towctrans.o)
                0x0200e7dc                towctrans
 .text.siscanf  0x0200e824       0x74 /opt/devkitpro/devkitARM/bin/../lib/gcc/arm-none-eabi/13.2.0/../../../../arm-none-eabi/lib/libg.a(libc_a-siscanf.o)
                0x0200e824                siscanf
 .text.calloc   0x0200e898       0x24 /opt/devkitpro/devkitARM/bin/../lib/gcc/arm-none-eabi/13.2.0/../../../../arm-none-eabi/lib/libg.a(libc_a-calloc.o)
                0x0200e898                calloc
 .text._calloc_r
                0x0200e8bc       0xd0 /opt/devkitpro/devkitARM/bin/../lib/gcc/arm-none-eabi/13.2.0/../../../../arm-none-eabi/lib/libg.a(libc_a-callocr.o)
                0x0200e8bc                _calloc_r
 .text.setvbuf  0x0200e98c      0x25c /opt/devkitpro/devkitARM/bin/../lib/gcc/arm-none-eabi/13.2.0/../../../../arm-none-eabi/lib/libg.a(libc_a-setvbuf.o)
                0x0200e98c                setvbuf
 .text.get_arg  0x0200ebe8       0x54 /opt/devkitpro/devkitARM/bin/../lib/gcc/arm-none-eabi/13.2.0/../../../../arm-none-eabi/lib/libg.a(libc_a-svfiscanf.o)
 .text._sungetc_r
                0x0200ec3c       0xe4 /opt/devkitpro/devkitARM/bin/../lib/gcc/arm-none-eabi/13.2.0/../../../../arm-none-eabi/lib/libg.a(libc_a-svfiscanf.o)
                0x0200ec3c                _sungetc_r
 .text.__ssrefill_r
                0x0200ed20       0x68 /opt/devkitpro/devkitARM/bin/../lib/gcc/arm-none-eabi/13.2.0/../../../../arm-none-eabi/lib/libg.a(libc_a-svfiscanf.o)
                0x0200ed20                __ssrefill_r
 .text._sfread_r
                0x0200ed88       0xc8 /opt/devkitpro/devkitARM/bin/../lib/gcc/arm-none-eabi/13.2.0/../../../../arm-none-eabi/lib/libg.a(libc_a-svfiscanf.o)
                0x0200ed88                _sfread_r
 .text.__ssvfiscanf_r
                0x0200ee50     0x22dc /opt/devkitpro/devkitARM/bin/../lib/gcc/arm-none-eabi/13.2.0/../../../../arm-none-eabi/lib/libg.a(libc_a-svfiscanf.o)
                0x0200ee50                __ssvfiscanf_r
 .text._malloc_trim_r
                0x0201112c      0x100 /opt/devkitpro/devkitARM/bin/../lib/gcc/arm-none-eabi/13.2.0/../../../../arm-none-eabi/lib/libg.a(libc_a-freer.o)
                0x0201112c                _malloc_trim_r
 .text._free_r  0x0201122c      0x2e8 /opt/devkitpro/devkitARM/bin/../lib/gcc/arm-none-eabi/13.2.0/../../../../arm-none-eabi/lib/libg.a(libc_a-freer.o)
                0x0201122c                _free_r
 .text.iprintf  0x02011514       0x34 /opt/devkitpro/devkitARM/bin/../lib/gcc/arm-none-eabi/13.2.0/../../../../arm-none-eabi/lib/libg.a(libc_a-iprintf.o)
                0x02011514                iprintf
 .text.strchr   0x02011548      0x13c /opt/devkitpro/devkitARM/bin/../lib/gcc/arm-none-eabi/13.2.0/../../../../arm-none-eabi/lib/libg.a(libc_a-strchr.o)
                0x02011548                strchr
 .text.memcmp   0x02011684       0xe0 /opt/devkitpro/devkitARM/bin/../lib/gcc/arm-none-eabi/13.2.0/../../../../arm-none-eabi/lib/libg.a(libc_a-memcmp.o)
                0x02011684                memcmp
 .text._fclose_r
                0x02011764      0x150 /opt/devkitpro/devkitARM/bin/../lib/gcc/arm-none-eabi/13.2.0/../../../../arm-none-eabi/lib/libg.a(libc_a-fclose.o)
                0x02011764                _fclose_r
 .text.fclose   0x020118b4       0x18 /opt/devkitpro/devkitARM/bin/../lib/gcc/arm-none-eabi/13.2.0/../../../../arm-none-eabi/lib/libg.a(libc_a-fclose.o)
                0x020118b4                fclose
 .text.malloc   0x020118cc       0x1c /opt/devkitpro/devkitARM/bin/../lib/gcc/arm-none-eabi/13.2.0/../../../../arm-none-eabi/lib/libg.a(libc_a-malloc.o)
                0x020118cc                malloc
 .text.free     0x020118e8       0x1c /opt/devkitpro/devkitARM/bin/../lib/gcc/arm-none-eabi/13.2.0/../../../../arm-none-eabi/lib/libg.a(libc_a-malloc.o)
                0x020118e8                free
 .text._malloc_r
                0x02011904      0x7a4 /opt/devkitpro/devkitARM/bin/../lib/gcc/arm-none-eabi/13.2.0/../../../../arm-none-eabi/lib/libg.a(libc_a-mallocr.o)
                0x02011904                _malloc_r
 .text.memmove  0x020120a8      0x154 /opt/devkitpro/devkitARM/bin/../lib/gcc/arm-none-eabi/13.2.0/../../../../arm-none-eabi/lib/libg.a(libc_a-memmove.o)
                0x020120a8                memmove
 .text.memset   0x020121fc       0xfc /opt/devkitpro/devkitARM/bin/../lib/gcc/arm-none-eabi/13.2.0/../../../../arm-none-eabi/lib/libg.a(libc_a-memset.o)
                0x020121fc                memset
 .text.__malloc_lock
                0x020122f8       0x18 /opt/devkitpro/devkitARM/bin/../lib/gcc/arm-none-eabi/13.2.0/../../../../arm-none-eabi/lib/libg.a(libc_a-mlock.o)
                0x020122f8                __malloc_lock
 .text.__malloc_unlock
                0x02012310       0x18 /opt/devkitpro/devkitARM/bin/../lib/gcc/arm-none-eabi/13.2.0/../../../../arm-none-eabi/lib/libg.a(libc_a-mlock.o)
                0x02012310                __malloc_unlock
 .text.strlen   0x02012328       0x94 /opt/devkitpro/devkitARM/bin/../lib/gcc/arm-none-eabi/13.2.0/../../../../arm-none-eabi/lib/libg.a(libc_a-strlen.o)
                0x02012328                strlen
 .text._fopen_r
                0x020123bc      0x138 /opt/devkitpro/devkitARM/bin/../lib/gcc/arm-none-eabi/13.2.0/../../../../arm-none-eabi/lib/libg.a(libc_a-fopen.o)
                0x020123bc                _fopen_r
 .text.fopen    0x020124f4       0x20 /opt/devkitpro/devkitARM/bin/../lib/gcc/arm-none-eabi/13.2.0/../../../../arm-none-eabi/lib/libg.a(libc_a-fopen.o)
                0x020124f4                fopen
 .text.__sflush_r
                0x02012514      0x248 /opt/devkitpro/devkitARM/bin/../lib/gcc/arm-none-eabi/13.2.0/../../../../arm-none-eabi/lib/libg.a(libc_a-fflush.o)
                0x02012514                __sflush_r
 .text._fflush_r
                0x0201275c       0x9c /opt/devkitpro/devkitARM/bin/../lib/gcc/arm-none-eabi/13.2.0/../../../../arm-none-eabi/lib/libg.a(libc_a-fflush.o)
                0x0201275c                _fflush_r
 .text.strpbrk  0x020127f8       0x7c /opt/devkitpro/devkitARM/bin/../lib/gcc/arm-none-eabi/13.2.0/../../../../arm-none-eabi/lib/libg.a(libc_a-strpbrk.o)
                0x020127f8                strpbrk
 .text.fprintf  0x02012874       0x3c /opt/devkitpro/devkitARM/bin/../lib/gcc/arm-none-eabi/13.2.0/../../../../arm-none-eabi/lib/libg.a(libc_a-fprintf.o)
                0x02012874                fprintf
 .text.strrchr  0x020128b0       0x58 /opt/devkitpro/devkitARM/bin/../lib/gcc/arm-none-eabi/13.2.0/../../../../arm-none-eabi/lib/libg.a(libc_a-strrchr.o)
                0x020128b0                strrchr
 .text.strncasecmp
                0x02012908       0x8c /opt/devkitpro/devkitARM/bin/../lib/gcc/arm-none-eabi/13.2.0/../../../../arm-none-eabi/lib/libg.a(libc_a-strncasecmp.o)
                0x02012908                strncasecmp
 .text.strncmp  0x02012994       0xec /opt/devkitpro/devkitARM/bin/../lib/gcc/arm-none-eabi/13.2.0/../../../../arm-none-eabi/lib/libg.a(libc_a-strncmp.o)
                0x02012994                strncmp
 .text._fwalk_sglue
                0x02012a80       0x78 /opt/devkitpro/devkitARM/bin/../lib/gcc/arm-none-eabi/13.2.0/../../../../arm-none-eabi/lib/libg.a(libc_a-fwalk.o)
                0x02012a80                _fwalk_sglue
 .text._fread_r
                0x02012af8      0x33c /opt/devkitpro/devkitARM/bin/../lib/gcc/arm-none-eabi/13.2.0/../../../../arm-none-eabi/lib/libg.a(libc_a-fread.o)
                0x02012af8                _fread_r
 .text.fread    0x02012e34       0x3c /opt/devkitpro/devkitARM/bin/../lib/gcc/arm-none-eabi/13.2.0/../../../../arm-none-eabi/lib/libg.a(libc_a-fread.o)
                0x02012e34                fread
 .text.strncpy  0x02012e70       0xd0 /opt/devkitpro/devkitARM/bin/../lib/gcc/arm-none-eabi/13.2.0/../../../../arm-none-eabi/lib/libg.a(libc_a-strncpy.o)
                0x02012e70                strncpy
 .text.stdio_exit_handler
                0x02012f40       0x28 /opt/devkitpro/devkitARM/bin/../lib/gcc/arm-none-eabi/13.2.0/../../../../arm-none-eabi/lib/libg.a(libc_a-findfp.o)
 .text.cleanup_stdio
                0x02012f68       0x54 /opt/devkitpro/devkitARM/bin/../lib/gcc/arm-none-eabi/13.2.0/../../../../arm-none-eabi/lib/libg.a(libc_a-findfp.o)
 .text.global_stdio_init.part.0
                0x02012fbc      0x158 /opt/devkitpro/devkitARM/bin/../lib/gcc/arm-none-eabi/13.2.0/../../../../arm-none-eabi/lib/libg.a(libc_a-findfp.o)
 .text.__sfp    0x02013114      0x138 /opt/devkitpro/devkitARM/bin/../lib/gcc/arm-none-eabi/13.2.0/../../../../arm-none-eabi/lib/libg.a(libc_a-findfp.o)
                0x02013114                __sfp
 .text.__sinit  0x0201324c       0x64 /opt/devkitpro/devkitARM/bin/../lib/gcc/arm-none-eabi/13.2.0/../../../../arm-none-eabi/lib/libg.a(libc_a-findfp.o)
                0x0201324c                __sinit
 .text.__sfp_lock_acquire
                0x020132b0       0x18 /opt/devkitpro/devkitARM/bin/../lib/gcc/arm-none-eabi/13.2.0/../../../../arm-none-eabi/lib/libg.a(libc_a-findfp.o)
                0x020132b0                __sfp_lock_acquire
 .text.__sfp_lock_release
                0x020132c8       0x18 /opt/devkitpro/devkitARM/bin/../lib/gcc/arm-none-eabi/13.2.0/../../../../arm-none-eabi/lib/libg.a(libc_a-findfp.o)
                0x020132c8                __sfp_lock_release
 .text.localtime_r
                0x020132e0      0x374 /opt/devkitpro/devkitARM/bin/../lib/gcc/arm-none-eabi/13.2.0/../../../../arm-none-eabi/lib/libg.a(libc_a-lcltime_r.o)
                0x020132e0                localtime_r
 .text.strnlen  0x02013654       0x48 /opt/devkitpro/devkitARM/bin/../lib/gcc/arm-none-eabi/13.2.0/../../../../arm-none-eabi/lib/libg.a(libc_a-strnlen.o)
                0x02013654                strnlen
 .text.fscanf   0x0201369c       0x3c /opt/devkitpro/devkitARM/bin/../lib/gcc/arm-none-eabi/13.2.0/../../../../arm-none-eabi/lib/libg.a(libc_a-fscanf.o)
                0x0201369c                fscanf
 .text._tzset_unlocked
                0x020136d8       0x14 /opt/devkitpro/devkitARM/bin/../lib/gcc/arm-none-eabi/13.2.0/../../../../arm-none-eabi/lib/libg.a(libc_a-tzset.o)
                0x020136d8                _tzset_unlocked
 .text.validate_structure
                0x020136ec      0x2e0 /opt/devkitpro/devkitARM/bin/../lib/gcc/arm-none-eabi/13.2.0/../../../../arm-none-eabi/lib/libg.a(libc_a-mktime.o)
 .text.mktime   0x020139cc      0x4cc /opt/devkitpro/devkitARM/bin/../lib/gcc/arm-none-eabi/13.2.0/../../../../arm-none-eabi/lib/libg.a(libc_a-mktime.o)
                0x020139cc                mktime
 .text._fseek_r
                0x02013e98       0x20 /opt/devkitpro/devkitARM/bin/../lib/gcc/arm-none-eabi/13.2.0/../../../../arm-none-eabi/lib/libg.a(libc_a-fseek.o)
                0x02013e98                _fseek_r
 .text.fseek    0x02013eb8       0x38 /opt/devkitpro/devkitARM/bin/../lib/gcc/arm-none-eabi/13.2.0/../../../../arm-none-eabi/lib/libg.a(libc_a-fseek.o)
                0x02013eb8                fseek
 .text._tzset_unlocked_r
                0x02013ef0      0x688 /opt/devkitpro/devkitARM/bin/../lib/gcc/arm-none-eabi/13.2.0/../../../../arm-none-eabi/lib/libg.a(libc_a-tzset_r.o)
                0x02013ef0                _tzset_unlocked_r
 .text._strtol_l.part.0
                0x02014578      0x1b4 /opt/devkitpro/devkitARM/bin/../lib/gcc/arm-none-eabi/13.2.0/../../../../arm-none-eabi/lib/libg.a(libc_a-strtol.o)
 .text._strtol_r
                0x0201472c       0x64 /opt/devkitpro/devkitARM/bin/../lib/gcc/arm-none-eabi/13.2.0/../../../../arm-none-eabi/lib/libg.a(libc_a-strtol.o)
                0x0201472c                _strtol_r
 .text.realloc  0x02014790       0x24 /opt/devkitpro/devkitARM/bin/../lib/gcc/arm-none-eabi/13.2.0/../../../../arm-none-eabi/lib/libg.a(libc_a-realloc.o)
                0x02014790                realloc
 .text.__gettzinfo
                0x020147b4        0xc /opt/devkitpro/devkitARM/bin/../lib/gcc/arm-none-eabi/13.2.0/../../../../arm-none-eabi/lib/libg.a(libc_a-gettzinfo.o)
                0x020147b4                __gettzinfo
 .text._strtoul_l.isra.0
                0x020147c0      0x1dc /opt/devkitpro/devkitARM/bin/../lib/gcc/arm-none-eabi/13.2.0/../../../../arm-none-eabi/lib/libg.a(libc_a-strtoul.o)
 .text._strtoul_r
                0x0201499c       0x30 /opt/devkitpro/devkitARM/bin/../lib/gcc/arm-none-eabi/13.2.0/../../../../arm-none-eabi/lib/libg.a(libc_a-strtoul.o)
                0x0201499c                _strtoul_r
 .text.strtoul  0x020149cc       0x34 /opt/devkitpro/devkitARM/bin/../lib/gcc/arm-none-eabi/13.2.0/../../../../arm-none-eabi/lib/libg.a(libc_a-strtoul.o)
                0x020149cc                strtoul
 .text.__locale_mb_cur_max
                0x02014a00       0x28 /opt/devkitpro/devkitARM/bin/../lib/gcc/arm-none-eabi/13.2.0/../../../../arm-none-eabi/lib/libg.a(libc_a-locale.o)
                0x02014a00                __locale_mb_cur_max
 .text.time     0x02014a28       0x50 /opt/devkitpro/devkitARM/bin/../lib/gcc/arm-none-eabi/13.2.0/../../../../arm-none-eabi/lib/libg.a(libc_a-time.o)
                0x02014a28                time
 .text.__tzcalc_limits
                0x02014a78      0x254 /opt/devkitpro/devkitARM/bin/../lib/gcc/arm-none-eabi/13.2.0/../../../../arm-none-eabi/lib/libg.a(libc_a-tzcalc_limits.o)
                0x02014a78                __tzcalc_limits
 .text.strcpy   0x02014ccc       0xf0 /opt/devkitpro/devkitARM/bin/../lib/gcc/arm-none-eabi/13.2.0/../../../../arm-none-eabi/lib/libg.a(libc_a-strcpy.o)
                0x02014ccc                strcpy
 .text.__utf8_wctomb
                0x02014dbc       0xf4 /opt/devkitpro/devkitARM/bin/../lib/gcc/arm-none-eabi/13.2.0/../../../../arm-none-eabi/lib/libg.a(libc_a-wctomb_r.o)
                0x02014dbc                __utf8_wctomb
 .text.memcpy   0x02014eb0      0x114 /opt/devkitpro/devkitARM/bin/../lib/gcc/arm-none-eabi/13.2.0/../../../../arm-none-eabi/lib/libg.a(libc_a-memcpy-stub.o)
                0x02014eb0                memcpy
 .text.stpcpy   0x02014fc4       0x74 /opt/devkitpro/devkitARM/bin/../lib/gcc/arm-none-eabi/13.2.0/../../../../arm-none-eabi/lib/libg.a(libc_a-stpcpy.o)
                0x02014fc4                stpcpy
 .text.__libc_init_array
                0x02015038       0x90 /opt/devkitpro/devkitARM/bin/../lib/gcc/arm-none-eabi/13.2.0/../../../../arm-none-eabi/lib/libg.a(libc_a-init.o)
                0x02015038                __libc_init_array
 .text.__errno  0x020150c8       0x10 /opt/devkitpro/devkitARM/bin/../lib/gcc/arm-none-eabi/13.2.0/../../../../arm-none-eabi/lib/libg.a(libc_a-errno.o)
                0x020150c8                __errno
 .text._strtoll_l.isra.0
                0x020150d8      0x23c /opt/devkitpro/devkitARM/bin/../lib/gcc/arm-none-eabi/13.2.0/../../../../arm-none-eabi/lib/libg.a(libc_a-strtoll.o)
 .text._strtoll_r
                0x02015314       0x30 /opt/devkitpro/devkitARM/bin/../lib/gcc/arm-none-eabi/13.2.0/../../../../arm-none-eabi/lib/libg.a(libc_a-strtoll.o)
                0x02015314                _strtoll_r
 .text._strtoull_l.isra.0
                0x02015344      0x260 /opt/devkitpro/devkitARM/bin/../lib/gcc/arm-none-eabi/13.2.0/../../../../arm-none-eabi/lib/libg.a(libc_a-strtoull.o)
 .text._strtoull_r
                0x020155a4       0x30 /opt/devkitpro/devkitARM/bin/../lib/gcc/arm-none-eabi/13.2.0/../../../../arm-none-eabi/lib/libg.a(libc_a-strtoull.o)
                0x020155a4                _strtoull_r
 .text.towctrans_l
                0x020155d4      0x244 /opt/devkitpro/devkitARM/bin/../lib/gcc/arm-none-eabi/13.2.0/../../../../arm-none-eabi/lib/libg.a(libc_a-towctrans_l.o)
                0x020155d4                towctrans_l
 .text.iswspace
                0x02015818       0x14 /opt/devkitpro/devkitARM/bin/../lib/gcc/arm-none-eabi/13.2.0/../../../../arm-none-eabi/lib/libg.a(libc_a-iswspace.o)
                0x02015818                iswspace
 .text.__smakebuf_r
                0x0201582c      0x138 /opt/devkitpro/devkitARM/bin/../lib/gcc/arm-none-eabi/13.2.0/../../../../arm-none-eabi/lib/libg.a(libc_a-makebuf.o)
                0x0201582c                __smakebuf_r
 .text.__swhatbuf_r
                0x02015964       0x80 /opt/devkitpro/devkitARM/bin/../lib/gcc/arm-none-eabi/13.2.0/../../../../arm-none-eabi/lib/libg.a(libc_a-makebuf.o)
                0x02015964                __swhatbuf_r
 .text.iswspace_l
                0x020159e4       0x40 /opt/devkitpro/devkitARM/bin/../lib/gcc/arm-none-eabi/13.2.0/../../../../arm-none-eabi/lib/libg.a(libc_a-iswspace_l.o)
                0x020159e4                iswspace_l
 .text._mbsnrtowcs_r
                0x02015a24      0x104 /opt/devkitpro/devkitARM/bin/../lib/gcc/arm-none-eabi/13.2.0/../../../../arm-none-eabi/lib/libg.a(libc_a-mbsnrtowcs.o)
                0x02015a24                _mbsnrtowcs_r
 .text.__sccl   0x02015b28       0xe4 /opt/devkitpro/devkitARM/bin/../lib/gcc/arm-none-eabi/13.2.0/../../../../arm-none-eabi/lib/libg.a(libc_a-sccl.o)
                0x02015b28                __sccl
 .text.lflush   0x02015c0c       0x3c /opt/devkitpro/devkitARM/bin/../lib/gcc/arm-none-eabi/13.2.0/../../../../arm-none-eabi/lib/libg.a(libc_a-refill.o)
 .text.__srefill_r
                0x02015c48      0x19c /opt/devkitpro/devkitARM/bin/../lib/gcc/arm-none-eabi/13.2.0/../../../../arm-none-eabi/lib/libg.a(libc_a-refill.o)
                0x02015c48                __srefill_r
 .text.__submore
                0x02015de4       0xa8 /opt/devkitpro/devkitARM/bin/../lib/gcc/arm-none-eabi/13.2.0/../../../../arm-none-eabi/lib/libg.a(libc_a-ungetc.o)
                0x02015de4                __submore
 .text._ungetc_r
                0x02015e8c      0x210 /opt/devkitpro/devkitARM/bin/../lib/gcc/arm-none-eabi/13.2.0/../../../../arm-none-eabi/lib/libg.a(libc_a-ungetc.o)
                0x02015e8c                _ungetc_r
 .text.__sread  0x0201609c       0x4c /opt/devkitpro/devkitARM/bin/../lib/gcc/arm-none-eabi/13.2.0/../../../../arm-none-eabi/lib/libg.a(libc_a-stdio.o)
                0x0201609c                __sread
 .text.__seofread
                0x020160e8        0x8 /opt/devkitpro/devkitARM/bin/../lib/gcc/arm-none-eabi/13.2.0/../../../../arm-none-eabi/lib/libg.a(libc_a-stdio.o)
                0x020160e8                __seofread
 .text.__swrite
                0x020160f0       0x6c /opt/devkitpro/devkitARM/bin/../lib/gcc/arm-none-eabi/13.2.0/../../../../arm-none-eabi/lib/libg.a(libc_a-stdio.o)
                0x020160f0                __swrite
 .text.__sseek  0x0201615c       0x48 /opt/devkitpro/devkitARM/bin/../lib/gcc/arm-none-eabi/13.2.0/../../../../arm-none-eabi/lib/libg.a(libc_a-stdio.o)
                0x0201615c                __sseek
 .text.__sclose
                0x020161a4       0x14 /opt/devkitpro/devkitARM/bin/../lib/gcc/arm-none-eabi/13.2.0/../../../../arm-none-eabi/lib/libg.a(libc_a-stdio.o)
                0x020161a4                __sclose
 .text.category
                0x020161b8       0x98 /opt/devkitpro/devkitARM/bin/../lib/gcc/arm-none-eabi/13.2.0/../../../../arm-none-eabi/lib/libg.a(libc_a-categories.o)
                0x020161b8                category
 .text.get_arg  0x02016250      0x654 /opt/devkitpro/devkitARM/bin/../lib/gcc/arm-none-eabi/13.2.0/../../../../arm-none-eabi/lib/libg.a(libc_a-vfiprintf.o)
 .text.__sprint_r
                0x020168a4       0x34 /opt/devkitpro/devkitARM/bin/../lib/gcc/arm-none-eabi/13.2.0/../../../../arm-none-eabi/lib/libg.a(libc_a-vfiprintf.o)
                0x020168a4                __sprint_r
 .text._vfiprintf_r
                0x020168d8     0x2334 /opt/devkitpro/devkitARM/bin/../lib/gcc/arm-none-eabi/13.2.0/../../../../arm-none-eabi/lib/libg.a(libc_a-vfiprintf.o)
                0x020168d8                _vfiprintf_r
 .text.__sbprintf
                0x02018c0c       0xbc /opt/devkitpro/devkitARM/bin/../lib/gcc/arm-none-eabi/13.2.0/../../../../arm-none-eabi/lib/libg.a(libc_a-vfiprintf.o)
 .text.__ssprint_r
                0x02018cc8      0x190 /opt/devkitpro/devkitARM/bin/../lib/gcc/arm-none-eabi/13.2.0/../../../../arm-none-eabi/lib/libg.a(libc_a-svfiprintf.o)
                0x02018cc8                __ssprint_r
 .text.div      0x02018e58       0x2c /opt/devkitpro/devkitARM/bin/../lib/gcc/arm-none-eabi/13.2.0/../../../../arm-none-eabi/lib/libg.a(libc_a-div.o)
                0x02018e58                div
 .text.__swsetup_r
                0x02018e84      0x144 /opt/devkitpro/devkitARM/bin/../lib/gcc/arm-none-eabi/13.2.0/../../../../arm-none-eabi/lib/libg.a(libc_a-wsetup.o)
                0x02018e84                __swsetup_r
 .text.get_arg  0x02018fc8       0x54 /opt/devkitpro/devkitARM/bin/../lib/gcc/arm-none-eabi/13.2.0/../../../../arm-none-eabi/lib/libg.a(libc_a-vfscanf.o)
 .text.__svfscanf_r
                0x0201901c     0x2c58 /opt/devkitpro/devkitARM/bin/../lib/gcc/arm-none-eabi/13.2.0/../../../../arm-none-eabi/lib/libg.a(libc_a-vfscanf.o)
                0x0201901c                __svfscanf_r
 .text._vfscanf_r
                0x0201bc74       0x3c /opt/devkitpro/devkitARM/bin/../lib/gcc/arm-none-eabi/13.2.0/../../../../arm-none-eabi/lib/libg.a(libc_a-vfscanf.o)
                0x0201bc74                _vfscanf_r
 .text._fseeko_r
                0x0201bcb0      0x5a4 /opt/devkitpro/devkitARM/bin/../lib/gcc/arm-none-eabi/13.2.0/../../../../arm-none-eabi/lib/libg.a(libc_a-fseeko.o)
                0x0201bcb0                _fseeko_r
 .text._findenv_r
                0x0201c254       0xd0 /opt/devkitpro/devkitARM/bin/../lib/gcc/arm-none-eabi/13.2.0/../../../../arm-none-eabi/lib/libg.a(libc_a-getenv_r.o)
                0x0201c254                _findenv_r
 .text._getenv_r
                0x0201c324       0x1c /opt/devkitpro/devkitARM/bin/../lib/gcc/arm-none-eabi/13.2.0/../../../../arm-none-eabi/lib/libg.a(libc_a-getenv_r.o)
                0x0201c324                _getenv_r
 .text.__sflags
                0x0201c340       0xbc /opt/devkitpro/devkitARM/bin/../lib/gcc/arm-none-eabi/13.2.0/../../../../arm-none-eabi/lib/libg.a(libc_a-flags.o)
                0x0201c340                __sflags
 .text.get_arg  0x0201c3fc      0x654 /opt/devkitpro/devkitARM/bin/../lib/gcc/arm-none-eabi/13.2.0/../../../../arm-none-eabi/lib/libg.a(libc_a-vfprintf.o)
 .text._vfprintf_r
                0x0201ca50     0x35f8 /opt/devkitpro/devkitARM/bin/../lib/gcc/arm-none-eabi/13.2.0/../../../../arm-none-eabi/lib/libg.a(libc_a-vfprintf.o)
                0x0201ca50                _vfprintf_r
 .text.__sbprintf
                0x02020048       0xbc /opt/devkitpro/devkitARM/bin/../lib/gcc/arm-none-eabi/13.2.0/../../../../arm-none-eabi/lib/libg.a(libc_a-vfprintf.o)
 .text.__sfvwrite_r
                0x02020104      0x4c8 /opt/devkitpro/devkitARM/bin/../lib/gcc/arm-none-eabi/13.2.0/../../../../arm-none-eabi/lib/libg.a(libc_a-fvwrite.o)
                0x02020104                __sfvwrite_r
 .text.gmtime_r
                0x020205cc      0x26c /opt/devkitpro/devkitARM/bin/../lib/gcc/arm-none-eabi/13.2.0/../../../../arm-none-eabi/lib/libg.a(libc_a-gmtime_r.o)
                0x020205cc                gmtime_r
 .text._realloc_r
                0x02020838      0x4b8 /opt/devkitpro/devkitARM/bin/../lib/gcc/arm-none-eabi/13.2.0/../../../../arm-none-eabi/lib/libg.a(libc_a-reallocr.o)
                0x02020838                _realloc_r
 .text.__tz_lock
                0x02020cf0       0x18 /opt/devkitpro/devkitARM/bin/../lib/gcc/arm-none-eabi/13.2.0/../../../../arm-none-eabi/lib/libg.a(libc_a-tzlock.o)
                0x02020cf0                __tz_lock
 .text.__tz_unlock
                0x02020d08       0x18 /opt/devkitpro/devkitARM/bin/../lib/gcc/arm-none-eabi/13.2.0/../../../../arm-none-eabi/lib/libg.a(libc_a-tzlock.o)
                0x02020d08                __tz_unlock
 .text.__utf8_mbtowc
                0x02020d20      0x308 /opt/devkitpro/devkitARM/bin/../lib/gcc/arm-none-eabi/13.2.0/../../../../arm-none-eabi/lib/libg.a(libc_a-mbtowc_r.o)
                0x02020d20                __utf8_mbtowc
 .text.sulp     0x02021028       0x64 /opt/devkitpro/devkitARM/bin/../lib/gcc/arm-none-eabi/13.2.0/../../../../arm-none-eabi/lib/libg.a(libc_a-strtod.o)
 *fill*         0x0202108c        0x4 ff
 .text._strtod_l
                0x02021090     0x1614 /opt/devkitpro/devkitARM/bin/../lib/gcc/arm-none-eabi/13.2.0/../../../../arm-none-eabi/lib/libg.a(libc_a-strtod.o)
                0x02021090                _strtod_l
 .text._strtod_r
                0x020226a4       0x3c /opt/devkitpro/devkitARM/bin/../lib/gcc/arm-none-eabi/13.2.0/../../../../arm-none-eabi/lib/libg.a(libc_a-strtod.o)
                0x020226a4                _strtod_r
 .text._localeconv_r
                0x020226e0       0x28 /opt/devkitpro/devkitARM/bin/../lib/gcc/arm-none-eabi/13.2.0/../../../../arm-none-eabi/lib/libg.a(libc_a-localeconv.o)
                0x020226e0                _localeconv_r
 .text.memchr   0x02022708       0xf0 /opt/devkitpro/devkitARM/bin/../lib/gcc/arm-none-eabi/13.2.0/../../../../arm-none-eabi/lib/libg.a(libc_a-memchr-stub.o)
                0x02022708                memchr
 .text.stpncpy  0x020227f8       0xe0 /opt/devkitpro/devkitARM/bin/../lib/gcc/arm-none-eabi/13.2.0/../../../../arm-none-eabi/lib/libg.a(libc_a-stpncpy.o)
                0x020227f8                stpncpy
 .text.nan      0x020228d8       0x10 /opt/devkitpro/devkitARM/bin/../lib/gcc/arm-none-eabi/13.2.0/../../../../arm-none-eabi/lib/libg.a(libm_a-s_nan.o)
                0x020228d8                nan
 .text.nanf     0x020228e8        0xc /opt/devkitpro/devkitARM/bin/../lib/gcc/arm-none-eabi/13.2.0/../../../../arm-none-eabi/lib/libg.a(libm_a-sf_nan.o)
                0x020228e8                nanf
 .text.frexp    0x020228f4       0xa4 /opt/devkitpro/devkitARM/bin/../lib/gcc/arm-none-eabi/13.2.0/../../../../arm-none-eabi/lib/libg.a(libm_a-s_frexp.o)
                0x020228f4                frexp
 .text._wcsrtombs_r
                0x02022998       0x2c /opt/devkitpro/devkitARM/bin/../lib/gcc/arm-none-eabi/13.2.0/../../../../arm-none-eabi/lib/libg.a(libc_a-wcsrtombs.o)
                0x02022998                _wcsrtombs_r
 .text.sprintf  0x020229c4       0x64 /opt/devkitpro/devkitARM/bin/../lib/gcc/arm-none-eabi/13.2.0/../../../../arm-none-eabi/lib/libg.a(libc_a-sprintf.o)
                0x020229c4                sprintf
 .text.__env_lock
                0x02022a28       0x18 /opt/devkitpro/devkitARM/bin/../lib/gcc/arm-none-eabi/13.2.0/../../../../arm-none-eabi/lib/libg.a(libc_a-envlock.o)
                0x02022a28                __env_lock
 .text.__env_unlock
                0x02022a40       0x18 /opt/devkitpro/devkitARM/bin/../lib/gcc/arm-none-eabi/13.2.0/../../../../arm-none-eabi/lib/libg.a(libc_a-envlock.o)
                0x02022a40                __env_unlock
 .text.rshift   0x02022a58       0xf8 /opt/devkitpro/devkitARM/bin/../lib/gcc/arm-none-eabi/13.2.0/../../../../arm-none-eabi/lib/libg.a(libc_a-gdtoa-gethex.o)
 .text.__gethex
                0x02022b50      0x8a8 /opt/devkitpro/devkitARM/bin/../lib/gcc/arm-none-eabi/13.2.0/../../../../arm-none-eabi/lib/libg.a(libc_a-gdtoa-gethex.o)
                0x02022b50                __gethex
 .text.quorem   0x020233f8      0x1d8 /opt/devkitpro/devkitARM/bin/../lib/gcc/arm-none-eabi/13.2.0/../../../../arm-none-eabi/lib/libg.a(libc_a-dtoa.o)
 .text._dtoa_r  0x020235d0     0x16cc /opt/devkitpro/devkitARM/bin/../lib/gcc/arm-none-eabi/13.2.0/../../../../arm-none-eabi/lib/libg.a(libc_a-dtoa.o)
                0x020235d0                _dtoa_r
 .text.get_arg  0x02024c9c      0x654 /opt/devkitpro/devkitARM/bin/../lib/gcc/arm-none-eabi/13.2.0/../../../../arm-none-eabi/lib/libg.a(libc_a-svfprintf.o)
 .text._svfprintf_r
                0x020252f0     0x3518 /opt/devkitpro/devkitARM/bin/../lib/gcc/arm-none-eabi/13.2.0/../../../../arm-none-eabi/lib/libg.a(libc_a-svfprintf.o)
                0x020252f0                _svfprintf_r
 .text.__match  0x02028808       0x54 /opt/devkitpro/devkitARM/bin/../lib/gcc/arm-none-eabi/13.2.0/../../../../arm-none-eabi/lib/libg.a(libc_a-gdtoa-hexnan.o)
                0x02028808                __match
 .text.__hexnan
                0x0202885c      0x2a4 /opt/devkitpro/devkitARM/bin/../lib/gcc/arm-none-eabi/13.2.0/../../../../arm-none-eabi/lib/libg.a(libc_a-gdtoa-hexnan.o)
                0x0202885c                __hexnan
 .text._Balloc  0x02028b00       0x8c /opt/devkitpro/devkitARM/bin/../lib/gcc/arm-none-eabi/13.2.0/../../../../arm-none-eabi/lib/libg.a(libc_a-mprec.o)
                0x02028b00                _Balloc
 .text._Bfree   0x02028b8c       0x1c /opt/devkitpro/devkitARM/bin/../lib/gcc/arm-none-eabi/13.2.0/../../../../arm-none-eabi/lib/libg.a(libc_a-mprec.o)
                0x02028b8c                _Bfree
 .text.__multadd
                0x02028ba8      0x100 /opt/devkitpro/devkitARM/bin/../lib/gcc/arm-none-eabi/13.2.0/../../../../arm-none-eabi/lib/libg.a(libc_a-mprec.o)
                0x02028ba8                __multadd
 .text.__s2b    0x02028ca8      0x114 /opt/devkitpro/devkitARM/bin/../lib/gcc/arm-none-eabi/13.2.0/../../../../arm-none-eabi/lib/libg.a(libc_a-mprec.o)
                0x02028ca8                __s2b
 .text.__hi0bits
                0x02028dbc       0x60 /opt/devkitpro/devkitARM/bin/../lib/gcc/arm-none-eabi/13.2.0/../../../../arm-none-eabi/lib/libg.a(libc_a-mprec.o)
                0x02028dbc                __hi0bits
 .text.__lo0bits
                0x02028e1c       0xa0 /opt/devkitpro/devkitARM/bin/../lib/gcc/arm-none-eabi/13.2.0/../../../../arm-none-eabi/lib/libg.a(libc_a-mprec.o)
                0x02028e1c                __lo0bits
 .text.__i2b    0x02028ebc       0xac /opt/devkitpro/devkitARM/bin/../lib/gcc/arm-none-eabi/13.2.0/../../../../arm-none-eabi/lib/libg.a(libc_a-mprec.o)
                0x02028ebc                __i2b
 .text.__multiply
                0x02028f68      0x218 /opt/devkitpro/devkitARM/bin/../lib/gcc/arm-none-eabi/13.2.0/../../../../arm-none-eabi/lib/libg.a(libc_a-mprec.o)
                0x02028f68                __multiply
 .text.__pow5mult
                0x02029180      0x12c /opt/devkitpro/devkitARM/bin/../lib/gcc/arm-none-eabi/13.2.0/../../../../arm-none-eabi/lib/libg.a(libc_a-mprec.o)
                0x02029180                __pow5mult
 .text.__lshift
                0x020292ac      0x144 /opt/devkitpro/devkitARM/bin/../lib/gcc/arm-none-eabi/13.2.0/../../../../arm-none-eabi/lib/libg.a(libc_a-mprec.o)
                0x020292ac                __lshift
 .text.__mcmp   0x020293f0       0x54 /opt/devkitpro/devkitARM/bin/../lib/gcc/arm-none-eabi/13.2.0/../../../../arm-none-eabi/lib/libg.a(libc_a-mprec.o)
                0x020293f0                __mcmp
 .text.__mdiff  0x02029444      0x214 /opt/devkitpro/devkitARM/bin/../lib/gcc/arm-none-eabi/13.2.0/../../../../arm-none-eabi/lib/libg.a(libc_a-mprec.o)
                0x02029444                __mdiff
 .text.__ulp    0x02029658       0x64 /opt/devkitpro/devkitARM/bin/../lib/gcc/arm-none-eabi/13.2.0/../../../../arm-none-eabi/lib/libg.a(libc_a-mprec.o)
                0x02029658                __ulp
 .text.__b2d    0x020296bc       0xf0 /opt/devkitpro/devkitARM/bin/../lib/gcc/arm-none-eabi/13.2.0/../../../../arm-none-eabi/lib/libg.a(libc_a-mprec.o)
                0x020296bc                __b2d
 .text.__d2b    0x020297ac      0x128 /opt/devkitpro/devkitARM/bin/../lib/gcc/arm-none-eabi/13.2.0/../../../../arm-none-eabi/lib/libg.a(libc_a-mprec.o)
                0x020297ac                __d2b
 .text.__ratio  0x020298d4       0x84 /opt/devkitpro/devkitARM/bin/../lib/gcc/arm-none-eabi/13.2.0/../../../../arm-none-eabi/lib/libg.a(libc_a-mprec.o)
                0x020298d4                __ratio
 .text.__copybits
                0x02029958       0x8c /opt/devkitpro/devkitARM/bin/../lib/gcc/arm-none-eabi/13.2.0/../../../../arm-none-eabi/lib/libg.a(libc_a-mprec.o)
                0x02029958                __copybits
 .text.__any_on
                0x020299e4       0x5c /opt/devkitpro/devkitARM/bin/../lib/gcc/arm-none-eabi/13.2.0/../../../../arm-none-eabi/lib/libg.a(libc_a-mprec.o)
                0x020299e4                __any_on
 .text._wcsnrtombs_l
                0x02029a40      0x198 /opt/devkitpro/devkitARM/bin/../lib/gcc/arm-none-eabi/13.2.0/../../../../arm-none-eabi/lib/libg.a(libc_a-wcsnrtombs.o)
                0x02029a40                _wcsnrtombs_l
 .text._wcsnrtombs_r
                0x02029bd8       0x68 /opt/devkitpro/devkitARM/bin/../lib/gcc/arm-none-eabi/13.2.0/../../../../arm-none-eabi/lib/libg.a(libc_a-wcsnrtombs.o)
                0x02029bd8                _wcsnrtombs_r
 .text.__assert_func
                0x02029c40       0x5c /opt/devkitpro/devkitARM/bin/../lib/gcc/arm-none-eabi/13.2.0/../../../../arm-none-eabi/lib/libg.a(libc_a-assert.o)
                0x02029c40                __assert_func
 .text.fiprintf
                0x02029c9c       0x3c /opt/devkitpro/devkitARM/bin/../lib/gcc/arm-none-eabi/13.2.0/../../../../arm-none-eabi/lib/libg.a(libc_a-fiprintf.o)
                0x02029c9c                fiprintf
 .text.abort    0x02029cd8       0x14 /opt/devkitpro/devkitARM/bin/../lib/gcc/arm-none-eabi/13.2.0/../../../../arm-none-eabi/lib/libg.a(libc_a-abort.o)
                0x02029cd8                abort
 .text._raise_r
                0x02029cec       0x94 /opt/devkitpro/devkitARM/bin/../lib/gcc/arm-none-eabi/13.2.0/../../../../arm-none-eabi/lib/libg.a(libc_a-signal.o)
                0x02029cec                _raise_r
 .text.raise    0x02029d80       0x18 /opt/devkitpro/devkitARM/bin/../lib/gcc/arm-none-eabi/13.2.0/../../../../arm-none-eabi/lib/libg.a(libc_a-signal.o)
                0x02029d80                raise
 .text._exit    0x02029d98       0x20 /opt/devkitpro/devkitARM/bin/../lib/gcc/arm-none-eabi/13.2.0/../../../../arm-none-eabi/lib/libsysbase.a(libsysbase_libsysbase_a-_exit.o)
                0x02029d98                _exit
 .text.build_argv
                0x02029db8       0x90 /opt/devkitpro/devkitARM/bin/../lib/gcc/arm-none-eabi/13.2.0/../../../../arm-none-eabi/lib/libsysbase.a(libsysbase_libsysbase_a-build_argv.o)
                0x02029db8                build_argv
 .text.chdir    0x02029e48      0x144 /opt/devkitpro/devkitARM/bin/../lib/gcc/arm-none-eabi/13.2.0/../../../../arm-none-eabi/lib/libsysbase.a(libsysbase_libsysbase_a-chdir.o)
                0x02029e48                chdir
 .text._concatenate_path
                0x02029f8c      0x1d4 /opt/devkitpro/devkitARM/bin/../lib/gcc/arm-none-eabi/13.2.0/../../../../arm-none-eabi/lib/libsysbase.a(libsysbase_libsysbase_a-concatenate.o)
                0x02029f8c                _concatenate_path
 .text._fstat_r
                0x0202a160       0x7c /opt/devkitpro/devkitARM/bin/../lib/gcc/arm-none-eabi/13.2.0/../../../../arm-none-eabi/lib/libsysbase.a(libsysbase_libsysbase_a-fstat.o)
                0x0202a160                _fstat_r
 .text._getpid_r
                0x0202a1dc       0x14 /opt/devkitpro/devkitARM/bin/../lib/gcc/arm-none-eabi/13.2.0/../../../../arm-none-eabi/lib/libsysbase.a(libsysbase_libsysbase_a-getpid.o)
                0x0202a1dc                _getpid_r
 .text.__getreent
                0x0202a1f0       0x30 /opt/devkitpro/devkitARM/bin/../lib/gcc/arm-none-eabi/13.2.0/../../../../arm-none-eabi/lib/libsysbase.a(libsysbase_libsysbase_a-getreent.o)
                0x0202a1f0                __getreent
 .text._gettimeofday_r
                0x0202a220       0x34 /opt/devkitpro/devkitARM/bin/../lib/gcc/arm-none-eabi/13.2.0/../../../../arm-none-eabi/lib/libsysbase.a(libsysbase_libsysbase_a-gettod.o)
                0x0202a220                _gettimeofday_r
 .text.__release_handle
                0x0202a254       0x90 /opt/devkitpro/devkitARM/bin/../lib/gcc/arm-none-eabi/13.2.0/../../../../arm-none-eabi/lib/libsysbase.a(libsysbase_libsysbase_a-handle_manager.o)
                0x0202a254                __release_handle
 .text.__alloc_handle
                0x0202a2e4       0xb4 /opt/devkitpro/devkitARM/bin/../lib/gcc/arm-none-eabi/13.2.0/../../../../arm-none-eabi/lib/libsysbase.a(libsysbase_libsysbase_a-handle_manager.o)
                0x0202a2e4                __alloc_handle
 .text.__get_handle
                0x0202a398       0x40 /opt/devkitpro/devkitARM/bin/../lib/gcc/arm-none-eabi/13.2.0/../../../../arm-none-eabi/lib/libsysbase.a(libsysbase_libsysbase_a-handle_manager.o)
                0x0202a398                __get_handle
 .text._close_r
                0x0202a3d8       0xfc /opt/devkitpro/devkitARM/bin/../lib/gcc/arm-none-eabi/13.2.0/../../../../arm-none-eabi/lib/libsysbase.a(libsysbase_libsysbase_a-handle_manager.o)
                0x0202a3d8                _close_r
 .text.null_write
                0x0202a4d4        0x8 /opt/devkitpro/devkitARM/bin/../lib/gcc/arm-none-eabi/13.2.0/../../../../arm-none-eabi/lib/libsysbase.a(libsysbase_libsysbase_a-iosupport.o)
 .text.setDefaultDevice
                0x0202a4dc       0x18 /opt/devkitpro/devkitARM/bin/../lib/gcc/arm-none-eabi/13.2.0/../../../../arm-none-eabi/lib/libsysbase.a(libsysbase_libsysbase_a-iosupport.o)
                0x0202a4dc                setDefaultDevice
 .text.FindDevice
                0x0202a4f4       0xd4 /opt/devkitpro/devkitARM/bin/../lib/gcc/arm-none-eabi/13.2.0/../../../../arm-none-eabi/lib/libsysbase.a(libsysbase_libsysbase_a-iosupport.o)
                0x0202a4f4                FindDevice
 .text.AddDevice
                0x0202a5c8       0xa4 /opt/devkitpro/devkitARM/bin/../lib/gcc/arm-none-eabi/13.2.0/../../../../arm-none-eabi/lib/libsysbase.a(libsysbase_libsysbase_a-iosupport.o)
                0x0202a5c8                AddDevice
 .text.GetDeviceOpTab
                0x0202a66c       0x24 /opt/devkitpro/devkitARM/bin/../lib/gcc/arm-none-eabi/13.2.0/../../../../arm-none-eabi/lib/libsysbase.a(libsysbase_libsysbase_a-iosupport.o)
                0x0202a66c                GetDeviceOpTab
 .text._isatty_r
                0x0202a690        0x8 /opt/devkitpro/devkitARM/bin/../lib/gcc/arm-none-eabi/13.2.0/../../../../arm-none-eabi/lib/libsysbase.a(libsysbase_libsysbase_a-isatty.o)
                0x0202a690                _isatty_r
 .text._kill_r  0x0202a698       0x14 /opt/devkitpro/devkitARM/bin/../lib/gcc/arm-none-eabi/13.2.0/../../../../arm-none-eabi/lib/libsysbase.a(libsysbase_libsysbase_a-kill.o)
                0x0202a698                _kill_r
 .text._lseek_r
                0x0202a6ac       0x88 /opt/devkitpro/devkitARM/bin/../lib/gcc/arm-none-eabi/13.2.0/../../../../arm-none-eabi/lib/libsysbase.a(libsysbase_libsysbase_a-lseek.o)
                0x0202a6ac                _lseek_r
 .text._open_r  0x0202a734       0xc4 /opt/devkitpro/devkitARM/bin/../lib/gcc/arm-none-eabi/13.2.0/../../../../arm-none-eabi/lib/libsysbase.a(libsysbase_libsysbase_a-open.o)
                0x0202a734                _open_r
 .text._read_r  0x0202a7f8       0x84 /opt/devkitpro/devkitARM/bin/../lib/gcc/arm-none-eabi/13.2.0/../../../../arm-none-eabi/lib/libsysbase.a(libsysbase_libsysbase_a-read.o)
                0x0202a7f8                _read_r
 .text._sbrk_r  0x0202a87c       0x7c /opt/devkitpro/devkitARM/bin/../lib/gcc/arm-none-eabi/13.2.0/../../../../arm-none-eabi/lib/libsysbase.a(libsysbase_libsysbase_a-sbrk.o)
                0x0202a87c                _sbrk_r
 .text.__libc_lock_acquire
                0x0202a8f8       0x20 /opt/devkitpro/devkitARM/bin/../lib/gcc/arm-none-eabi/13.2.0/../../../../arm-none-eabi/lib/libsysbase.a(libsysbase_libsysbase_a-syscall_support.o)
                0x0202a8f8                __libc_lock_acquire
 .text.__libc_lock_release
                0x0202a918       0x20 /opt/devkitpro/devkitARM/bin/../lib/gcc/arm-none-eabi/13.2.0/../../../../arm-none-eabi/lib/libsysbase.a(libsysbase_libsysbase_a-syscall_support.o)
                0x0202a918                __libc_lock_release
 .text.__libc_lock_acquire_recursive
                0x0202a938       0x20 /opt/devkitpro/devkitARM/bin/../lib/gcc/arm-none-eabi/13.2.0/../../../../arm-none-eabi/lib/libsysbase.a(libsysbase_libsysbase_a-syscall_support.o)
                0x0202a938                __libc_lock_acquire_recursive
 .text.__libc_lock_release_recursive
                0x0202a958       0x20 /opt/devkitpro/devkitARM/bin/../lib/gcc/arm-none-eabi/13.2.0/../../../../arm-none-eabi/lib/libsysbase.a(libsysbase_libsysbase_a-syscall_support.o)
                0x0202a958                __libc_lock_release_recursive
 .text._write_r
                0x0202a978       0x84 /opt/devkitpro/devkitARM/bin/../lib/gcc/arm-none-eabi/13.2.0/../../../../arm-none-eabi/lib/libsysbase.a(libsysbase_libsysbase_a-write.o)
                0x0202a978                _write_r
 .text.__fixdfdi
                0x0202a9fc       0x50 /opt/devkitpro/devkitARM/bin/../lib/gcc/arm-none-eabi/13.2.0/libgcc.a(_fixdfdi.o)
                0x0202a9fc                __aeabi_d2lz
                0x0202a9fc                __fixdfdi
 .text.__fixunsdfdi
                0x0202aa4c       0x5c /opt/devkitpro/devkitARM/bin/../lib/gcc/arm-none-eabi/13.2.0/libgcc.a(_fixunsdfdi.o)
                0x0202aa4c                __aeabi_d2ulz
                0x0202aa4c                __fixunsdfdi
 .text.__fixunsdfdi.__stub
                0x0202aaa8      0x278 linker stubs
 *(EXCLUDE_FILE(*.twl*) .gnu.warning)
 *(EXCLUDE_FILE(*.twl*) .gnu.linkonce.t*)
 *(.glue_7)
 .glue_7        0x0202ad70        0x0 linker stubs
 *(.glue_7t)
 .glue_7t       0x0202ad70        0x0 linker stubs
                0x0202ad70                        . = ALIGN (0x4)

.vfp11_veneer   0x0202ad70        0x0
 .vfp11_veneer  0x0202ad70        0x0 linker stubs

.v4_bx          0x0202ad70        0x0
 .v4_bx         0x0202ad70        0x0 linker stubs

.iplt           0x0202ad70        0x0
 .iplt          0x0202ad70        0x0 /opt/devkitpro/devkitARM/bin/../lib/gcc/arm-none-eabi/13.2.0/../../../../arm-none-eabi/lib/ds_arm9_crt0.o

.fini           0x0202ad70       0x18
 *(.fini)
 .fini          0x0202ad70        0xc /opt/devkitpro/devkitARM/bin/../lib/gcc/arm-none-eabi/13.2.0/crti.o
                0x0202ad70                _fini
 .fini          0x0202ad7c        0xc /opt/devkitpro/devkitARM/bin/../lib/gcc/arm-none-eabi/13.2.0/crtn.o
                0x0202ad88                        __text_end = .

.rodata         0x0202ad88    0x773b8
 *(EXCLUDE_FILE(*.twl*) .rodata)
 .rodata        0x0202ad88     0x5804 numbers.o
                0x0202ad88                numbersTiles
                0x02030588                numbersPal
 .rodata        0x0203058c     0xc200 Template.o
                0x0203058c                TemplateBitmap
                0x0203c58c                TemplatePal
 .rodata        0x0203c78c      0x300 sprite.o
                0x0203c78c                spriteTiles
                0x0203c88c                spritePal
 .rodata        0x0203ca8c      0x904 smallNumbers.o
                0x0203ca8c                smallNumbersTiles
                0x0203d38c                smallNumbersPal
 .rodata        0x0203d390       0x59 main.o
 *all.rodata*(*)
 *(EXCLUDE_FILE(*.twl*) .roda)
 *(EXCLUDE_FILE(*.twl*) .rodata.*)
 *fill*         0x0203d3e9        0x3 ff
 .rodata.soundbank_bin
                0x0203d3ec    0x5eb60 soundbank.bin.o
                0x0203d3ec                soundbank_bin
                0x0209bf4c                soundbank_bin_end
 .rodata.fatMount.part.0.str1.4
                0x0209bf4c      0x248 /opt/devkitpro/libnds/lib/libfat.a(libfat.o)
                                  0x2 (size before relaxing)
 .rodata.fatInit.str1.4
                0x0209c194        0x3 /opt/devkitpro/libnds/lib/libfat.a(libfat.o)
 .rodata.str1.4
                0x0209c194        0x4 /opt/devkitpro/libnds/lib/libfat.a(libfat.o)
 .rodata.dotab_fat
                0x0209c194       0x70 /opt/devkitpro/libnds/lib/libfat.a(libfat.o)
 .rodata.str1.4
                0x0209c204        0x8 /opt/devkitpro/libnds/lib/libfat.a(disc.o)
 .rodata._FAT_disc_interfaces
                0x0209c204       0x18 /opt/devkitpro/libnds/lib/libfat.a(disc.o)
                0x0209c204                _FAT_disc_interfaces
 .rodata._FAT_directory_entryFromPath.str1.4
                0x0209c21c        0x7 /opt/devkitpro/libnds/lib/libfat.a(directory.o)
 .rodata.ILLEGAL_ALIAS_CHARACTERS
                0x0209c21c       0x12 /opt/devkitpro/libnds/lib/libfat.a(directory.o)
 *fill*         0x0209c22e        0x2 ff
 .rodata.ILLEGAL_LFN_CHARACTERS
                0x0209c230        0xa /opt/devkitpro/libnds/lib/libfat.a(directory.o)
 *fill*         0x0209c23a        0x2 ff
 .rodata.LFN_offset_table
                0x0209c23c       0x34 /opt/devkitpro/libnds/lib/libfat.a(directory.o)
 .rodata.FAT_SIG
                0x0209c270        0x3 /opt/devkitpro/libnds/lib/libfat.a(partition.o)
 *fill*         0x0209c273        0x1 ff
 .rodata.FS_TWL_SIG
                0x0209c274        0x8 /opt/devkitpro/libnds/lib/libfat.a(partition.o)
 .rodata.con_write.str1.4
                0x0209c27c       0x30 /opt/devkitpro/libnds/lib/libnds9.a(console.o)
 .rodata.con_write
                0x0209c27c       0xd4 /opt/devkitpro/libnds/lib/libnds9.a(console.o)
 .rodata.str1.4
                0x0209c350       0x14 /opt/devkitpro/libnds/lib/libnds9.a(console.o)
 .rodata.dotab_stdout
                0x0209c350       0x70 /opt/devkitpro/libnds/lib/libnds9.a(console.o)
 .rodata.default_font_bin
                0x0209c3c0     0x2000 /opt/devkitpro/libnds/lib/libnds9.a(default_font.bin.o)
                0x0209c3c0                default_font_bin
                0x0209e3c0                default_font_bin_end
 .rodata.SIN_LUT
                0x0209e3c0      0x102 /opt/devkitpro/libnds/lib/libnds9.a(trig.o)
                0x0209e3c0                SIN_LUT
 .rodata._mbrtowc_r.str1.4
                0x0209e4c2        0x1 /opt/devkitpro/devkitARM/bin/../lib/gcc/arm-none-eabi/13.2.0/../../../../arm-none-eabi/lib/libg.a(libc_a-mbrtowc.o)
 *fill*         0x0209e4c2        0x2 ff
 .rodata._ctype_
                0x0209e4c4      0x101 /opt/devkitpro/devkitARM/bin/../lib/gcc/arm-none-eabi/13.2.0/../../../../arm-none-eabi/lib/libg.a(libc_a-ctype_.o)
                0x0209e4c4                _ctype_
 *fill*         0x0209e5c5        0x3 ff
 .rodata.basefix.0
                0x0209e5c8       0x22 /opt/devkitpro/devkitARM/bin/../lib/gcc/arm-none-eabi/13.2.0/../../../../arm-none-eabi/lib/libg.a(libc_a-svfiscanf.o)
 *fill*         0x0209e5ea        0x2 ff
 .rodata._DAYS_BEFORE_MONTH
                0x0209e5ec       0x30 /opt/devkitpro/devkitARM/bin/../lib/gcc/arm-none-eabi/13.2.0/../../../../arm-none-eabi/lib/libg.a(libc_a-mktime.o)
 .rodata.DAYS_IN_MONTH
                0x0209e61c       0x30 /opt/devkitpro/devkitARM/bin/../lib/gcc/arm-none-eabi/13.2.0/../../../../arm-none-eabi/lib/libg.a(libc_a-mktime.o)
 .rodata._tzset_unlocked_r.str1.4
                0x0209e64c       0x6b /opt/devkitpro/devkitARM/bin/../lib/gcc/arm-none-eabi/13.2.0/../../../../arm-none-eabi/lib/libg.a(libc_a-tzset_r.o)
 .rodata.__month_lengths
                0x0209e64c       0x60 /opt/devkitpro/devkitARM/bin/../lib/gcc/arm-none-eabi/13.2.0/../../../../arm-none-eabi/lib/libg.a(libc_a-month_lengths.o)
                0x0209e64c                __month_lengths
 .rodata.str1.4
                0x0209e6ac        0x4 /opt/devkitpro/devkitARM/bin/../lib/gcc/arm-none-eabi/13.2.0/../../../../arm-none-eabi/lib/libg.a(libc_a-tzvars.o)
 .rodata.str1.4
                0x0209e6ac       0x4c /opt/devkitpro/devkitARM/bin/../lib/gcc/arm-none-eabi/13.2.0/../../../../arm-none-eabi/lib/libg.a(libc_a-locale.o)
 .rodata.categories
                0x0209e6ac     0x3528 /opt/devkitpro/devkitARM/bin/../lib/gcc/arm-none-eabi/13.2.0/../../../../arm-none-eabi/lib/libg.a(libc_a-categories.o)
 .rodata._vfiprintf_r.str1.1
                0x020a1bd4       0x40 /opt/devkitpro/devkitARM/bin/../lib/gcc/arm-none-eabi/13.2.0/../../../../arm-none-eabi/lib/libg.a(libc_a-vfiprintf.o)
                                 0x29 (size before relaxing)
 .rodata.zeroes.0
                0x020a1c14       0x10 /opt/devkitpro/devkitARM/bin/../lib/gcc/arm-none-eabi/13.2.0/../../../../arm-none-eabi/lib/libg.a(libc_a-vfiprintf.o)
 .rodata.blanks.1
                0x020a1c24       0x10 /opt/devkitpro/devkitARM/bin/../lib/gcc/arm-none-eabi/13.2.0/../../../../arm-none-eabi/lib/libg.a(libc_a-vfiprintf.o)
 .rodata.__action_table
                0x020a1c34       0x6c /opt/devkitpro/devkitARM/bin/../lib/gcc/arm-none-eabi/13.2.0/../../../../arm-none-eabi/lib/libg.a(libc_a-svfiprintf.o)
                0x020a1c34                __action_table
 .rodata.__state_table
                0x020a1ca0       0x6c /opt/devkitpro/devkitARM/bin/../lib/gcc/arm-none-eabi/13.2.0/../../../../arm-none-eabi/lib/libg.a(libc_a-svfiprintf.o)
                0x020a1ca0                __state_table
 .rodata.__chclass
                0x020a1d0c      0x100 /opt/devkitpro/devkitARM/bin/../lib/gcc/arm-none-eabi/13.2.0/../../../../arm-none-eabi/lib/libg.a(libc_a-svfiprintf.o)
                0x020a1d0c                __chclass
 .rodata.__svfscanf_r.str1.1
                0x020a1e0c        0x6 /opt/devkitpro/devkitARM/bin/../lib/gcc/arm-none-eabi/13.2.0/../../../../arm-none-eabi/lib/libg.a(libc_a-vfscanf.o)
 .rodata.basefix.0
                0x020a1e0c       0x22 /opt/devkitpro/devkitARM/bin/../lib/gcc/arm-none-eabi/13.2.0/../../../../arm-none-eabi/lib/libg.a(libc_a-vfscanf.o)
 .rodata._vfprintf_r.str1.1
                0x020a1e2e       0x3b /opt/devkitpro/devkitARM/bin/../lib/gcc/arm-none-eabi/13.2.0/../../../../arm-none-eabi/lib/libg.a(libc_a-vfprintf.o)
 *fill*         0x020a1e2e        0x2 ff
 .rodata.zeroes.0
                0x020a1e30       0x10 /opt/devkitpro/devkitARM/bin/../lib/gcc/arm-none-eabi/13.2.0/../../../../arm-none-eabi/lib/libg.a(libc_a-vfprintf.o)
 .rodata.blanks.1
                0x020a1e40       0x10 /opt/devkitpro/devkitARM/bin/../lib/gcc/arm-none-eabi/13.2.0/../../../../arm-none-eabi/lib/libg.a(libc_a-vfprintf.o)
 .rodata._strtod_l.str1.4
                0x020a1e50       0x15 /opt/devkitpro/devkitARM/bin/../lib/gcc/arm-none-eabi/13.2.0/../../../../arm-none-eabi/lib/libg.a(libc_a-strtod.o)
 .rodata.fpinan.0
                0x020a1e50       0x14 /opt/devkitpro/devkitARM/bin/../lib/gcc/arm-none-eabi/13.2.0/../../../../arm-none-eabi/lib/libg.a(libc_a-strtod.o)
 .rodata.fpi.1  0x020a1e64       0x14 /opt/devkitpro/devkitARM/bin/../lib/gcc/arm-none-eabi/13.2.0/../../../../arm-none-eabi/lib/libg.a(libc_a-strtod.o)
 .rodata.tinytens
                0x020a1e78       0x28 /opt/devkitpro/devkitARM/bin/../lib/gcc/arm-none-eabi/13.2.0/../../../../arm-none-eabi/lib/libg.a(libc_a-strtod.o)
 .rodata.__gethex.str1.4
                0x020a1ea0       0x5c /opt/devkitpro/devkitARM/bin/../lib/gcc/arm-none-eabi/13.2.0/../../../../arm-none-eabi/lib/libg.a(libc_a-gdtoa-gethex.o)
 .rodata.__hexdig
                0x020a1ea0      0x100 /opt/devkitpro/devkitARM/bin/../lib/gcc/arm-none-eabi/13.2.0/../../../../arm-none-eabi/lib/libg.a(libc_a-gdtoa-gethex.o)
                0x020a1ea0                __hexdig
 .rodata._dtoa_r.str1.4
                0x020a1fa0       0x64 /opt/devkitpro/devkitARM/bin/../lib/gcc/arm-none-eabi/13.2.0/../../../../arm-none-eabi/lib/libg.a(libc_a-dtoa.o)
 .rodata._svfprintf_r.str1.1
                0x020a1fa0       0x3b /opt/devkitpro/devkitARM/bin/../lib/gcc/arm-none-eabi/13.2.0/../../../../arm-none-eabi/lib/libg.a(libc_a-svfprintf.o)
 .rodata.zeroes.0
                0x020a1fa0       0x10 /opt/devkitpro/devkitARM/bin/../lib/gcc/arm-none-eabi/13.2.0/../../../../arm-none-eabi/lib/libg.a(libc_a-svfprintf.o)
 .rodata.blanks.1
                0x020a1fb0       0x10 /opt/devkitpro/devkitARM/bin/../lib/gcc/arm-none-eabi/13.2.0/../../../../arm-none-eabi/lib/libg.a(libc_a-svfprintf.o)
 .rodata.__multadd.str1.4
                0x020a1fc0       0x51 /opt/devkitpro/devkitARM/bin/../lib/gcc/arm-none-eabi/13.2.0/../../../../arm-none-eabi/lib/libg.a(libc_a-mprec.o)
 .rodata.p05.0  0x020a1fc0        0xc /opt/devkitpro/devkitARM/bin/../lib/gcc/arm-none-eabi/13.2.0/../../../../arm-none-eabi/lib/libg.a(libc_a-mprec.o)
 *fill*         0x020a1fcc        0x4 ff
 .rodata.__mprec_bigtens
                0x020a1fd0       0x28 /opt/devkitpro/devkitARM/bin/../lib/gcc/arm-none-eabi/13.2.0/../../../../arm-none-eabi/lib/libg.a(libc_a-mprec.o)
                0x020a1fd0                __mprec_bigtens
 .rodata.__mprec_tens
                0x020a1ff8       0xc8 /opt/devkitpro/devkitARM/bin/../lib/gcc/arm-none-eabi/13.2.0/../../../../arm-none-eabi/lib/libg.a(libc_a-mprec.o)
                0x020a1ff8                __mprec_tens
 .rodata.__assert_func.str1.4
                0x020a20c0       0x43 /opt/devkitpro/devkitARM/bin/../lib/gcc/arm-none-eabi/13.2.0/../../../../arm-none-eabi/lib/libg.a(libc_a-assert.o)
 .rodata.AddDevice.str1.4
                0x020a20c0        0x8 /opt/devkitpro/devkitARM/bin/../lib/gcc/arm-none-eabi/13.2.0/../../../../arm-none-eabi/lib/libsysbase.a(libsysbase_libsysbase_a-iosupport.o)
 .rodata.dotab_stdnull
                0x020a20c0       0x80 /opt/devkitpro/devkitARM/bin/../lib/gcc/arm-none-eabi/13.2.0/../../../../arm-none-eabi/lib/libsysbase.a(libsysbase_libsysbase_a-iosupport.o)
                0x020a20c0                dotab_stdnull
 *(EXCLUDE_FILE(*.twl*) .gnu.linkonce.r*)
                0x020a2140                        . = ALIGN (0x4)

.ARM.extab
 *(.ARM.extab* .gnu.linkonce.armextab.*)
                0x020a2140                        __exidx_start = .

ARM.exidx
 *(.ARM.exidx* .gnu.linkonce.armexidx.*)
                0x020a2140                        __exidx_end = .
                0x020a2140                        . = ALIGN (0x4)
                0x020a2140                        PROVIDE (__preinit_array_start = .)

.preinit_array
 *(.preinit_array)
                0x020a2140                        PROVIDE (__preinit_array_end = .)
                0x020a2140                        PROVIDE (__init_array_start = .)

.init_array     0x020a2140        0x4
 *(SORT_BY_NAME(.init_array.*))
 *(.init_array)
 .init_array    0x020a2140        0x4 /opt/devkitpro/devkitARM/bin/../lib/gcc/arm-none-eabi/13.2.0/crtbegin.o
                0x020a2144                        PROVIDE (__init_array_end = .)
                [!provide]                        PROVIDE (__fini_array_start = .)

.fini_array     0x020a2144        0x4
 *(.fini_array)
 .fini_array    0x020a2144        0x4 /opt/devkitpro/devkitARM/bin/../lib/gcc/arm-none-eabi/13.2.0/crtbegin.o
 *(SORT_BY_NAME(.fini_array.*))
                [!provide]                        PROVIDE (__fini_array_end = .)

.ctors          0x020a2148        0x0
 *crtbegin.o(.ctors)
 *(EXCLUDE_FILE(*crtend.o) .ctors)
 *(SORT_BY_NAME(.ctors.*))
 *(.ctors)
                0x020a2148                        . = ALIGN (0x4)

.dtors          0x020a2148        0x0
 *crtbegin.o(.dtors)
 *(EXCLUDE_FILE(*crtend.o) .dtors)
 *(SORT_BY_NAME(.dtors.*))
 *(.dtors)
                0x020a2148                        . = ALIGN (0x4)

.eh_frame       0x020a2148        0x4
 *(.eh_frame)
 .eh_frame      0x020a2148        0x0 /opt/devkitpro/devkitARM/bin/../lib/gcc/arm-none-eabi/13.2.0/crtbegin.o
 .eh_frame      0x020a2148        0x4 /opt/devkitpro/devkitARM/bin/../lib/gcc/arm-none-eabi/13.2.0/crtend.o
                0x020a214c                        . = ALIGN (0x4)

.gcc_except_table
                0x020a214c        0x0
 *(.gcc_except_table)
                0x020a214c                        . = ALIGN (0x4)

.jcr
 *(.jcr)

.got
 *(.got.plt)
 *(.got)
 *(.rel.got)

.ewram          0x020a214c        0x0
                0x020a214c                        __ewram_start = ABSOLUTE (.)
 *(.ewram)
 *ewram.*(.text)
                0x020a214c                        . = ALIGN (0x4)

.data           0x020a214c     0x2884
                0x020a214c                        __data_start = ABSOLUTE (.)
 *(EXCLUDE_FILE(*.twl*) .data)
 .data          0x020a214c      0x3d0 numbers_sub.o
                0x020a2150                staticMatrix
                0x020a2294                answerMatrix
                0x020a23d8                dynamicMatrix
 .data          0x020a251c        0x8 main.o
                0x020a2520                timer_running
 .data          0x020a2524       0x28 /opt/devkitpro/libnds/lib/libnds9.a(mpu_setup.o)
 *(EXCLUDE_FILE(*.twl*) .data.*)
 .data.currentConsole
                0x020a254c        0x4 /opt/devkitpro/libnds/lib/libnds9.a(console.o)
                0x020a254c                currentConsole
 .data.defaultConsole
                0x020a2550       0x5c /opt/devkitpro/libnds/lib/libnds9.a(console.o)
                0x020a2550                defaultConsole
 .data.firstConsoleInit.0
                0x020a25ac        0x1 /opt/devkitpro/libnds/lib/libnds9.a(console.o)
 *fill*         0x020a25ad        0x3 ff
 .data.oamMain  0x020a25b0       0x18 /opt/devkitpro/libnds/lib/libnds9.a(sprite.o)
                0x020a25b0                oamMain
 .data.oamSub   0x020a25c8       0x18 /opt/devkitpro/libnds/lib/libnds9.a(sprite.o)
                0x020a25c8                oamSub
 .data.count    0x020a25e0        0x1 /opt/devkitpro/libnds/lib/libnds9.a(keys.o)
 .data.delay    0x020a25e1        0x1 /opt/devkitpro/libnds/lib/libnds9.a(keys.o)
 .data.repeat   0x020a25e2        0x1 /opt/devkitpro/libnds/lib/libnds9.a(keys.o)
 *fill*         0x020a25e3        0x1 ff
 .data.fifo_buffer_free
                0x020a25e4        0x4 /opt/devkitpro/libnds/lib/libnds9.a(fifosystem.o)
                0x020a25e4                fifo_buffer_free
 .data.fifo_freewords
                0x020a25e8        0x4 /opt/devkitpro/libnds/lib/libnds9.a(fifosystem.o)
                0x020a25e8                fifo_freewords
 .data.fifo_receive_queue
                0x020a25ec        0x4 /opt/devkitpro/libnds/lib/libnds9.a(fifosystem.o)
                0x020a25ec                fifo_receive_queue
 .data.fifo_send_queue
                0x020a25f0        0x4 /opt/devkitpro/libnds/lib/libnds9.a(fifosystem.o)
                0x020a25f0                fifo_send_queue
 .data.bgControl
                0x020a25f4       0x20 /opt/devkitpro/libnds/lib/libnds9.a(background.o)
                0x020a25f4                bgControl
 .data.bgScrollTable
                0x020a2614       0x20 /opt/devkitpro/libnds/lib/libnds9.a(background.o)
                0x020a2614                bgScrollTable
 .data.bgTransform
                0x020a2634       0x20 /opt/devkitpro/libnds/lib/libnds9.a(background.o)
                0x020a2634                bgTransform
 .data.__malloc_sbrk_base
                0x020a2654        0x4 /opt/devkitpro/devkitARM/bin/../lib/gcc/arm-none-eabi/13.2.0/../../../../arm-none-eabi/lib/libg.a(libc_a-mallocr.o)
                0x020a2654                __malloc_sbrk_base
 .data.__malloc_trim_threshold
                0x020a2658        0x4 /opt/devkitpro/devkitARM/bin/../lib/gcc/arm-none-eabi/13.2.0/../../../../arm-none-eabi/lib/libg.a(libc_a-mallocr.o)
                0x020a2658                __malloc_trim_threshold
 *fill*         0x020a265c        0x4 ff
 .data.__malloc_av_